Component: ARM Compiler 5.05 update 1 (build 106) Tool: armlink [4d0efa]

==============================================================================

Section Cross References

    cs32f0xx_int.o(i.SysTick_Handler) refers to systick.o(i.timing_delay_decrement) for timing_delay_decrement
    main.o(i.EXTI0_1_IRQHandler) refers to cs32f0xx_exti.o(i.exti_interrupt_status_get) for exti_interrupt_status_get
    main.o(i.EXTI0_1_IRQHandler) refers to cs32f0xx_exti.o(i.exti_interrupt_status_clear) for exti_interrupt_status_clear
    main.o(i.EXTI0_1_IRQHandler) refers to main.o(.data) for fpga_sync_count
    main.o(i.TIM3_IRQHandler) refers to cs32f0xx_tim.o(i.tim_interrupt_status_get) for tim_interrupt_status_get
    main.o(i.TIM3_IRQHandler) refers to cs32f0xx_tim.o(i.tim_interrupt_status_clear) for tim_interrupt_status_clear
    main.o(i.TIM3_IRQHandler) refers to cs32f0xx_gpio.o(i.gpio_bits_set) for gpio_bits_set
    main.o(i.TIM3_IRQHandler) refers to cs32f0xx_gpio.o(i.gpio_bits_reset) for gpio_bits_reset
    main.o(i.TIM3_IRQHandler) refers to main.o(.data) for fpga_count
    main.o(i.USART1_IRQHandler) refers to cs32f0xx_usart.o(i.usart_interrupt_status_get) for usart_interrupt_status_get
    main.o(i.USART1_IRQHandler) refers to cs32f0xx_usart.o(i.usart_data_recv) for usart_data_recv
    main.o(i.USART1_IRQHandler) refers to main.o(.data) for rx_index
    main.o(i.USART1_IRQHandler) refers to main.o(.bss) for rx_buf
    main.o(i.fputc) refers to cs32f0xx_usart.o(i.usart_data_send) for usart_data_send
    main.o(i.fputc) refers to cs32f0xx_usart.o(i.usart_flag_status_get) for usart_flag_status_get
    main.o(i.main) refers to memseta.o(.text) for __aeabi_memclr4
    main.o(i.main) refers to init.o(i.time_config) for time_config
    main.o(i.main) refers to systick.o(i.cs_start_systick_config) for cs_start_systick_config
    main.o(i.main) refers to init.o(i.gpio_config) for gpio_config
    main.o(i.main) refers to init.o(i.adc_i2c_init) for adc_i2c_init
    main.o(i.main) refers to init.o(i.exti0_1_config) for exti0_1_config
    main.o(i.main) refers to init.o(i.usart_config) for usart_config
    main.o(i.main) refers to systick.o(i.delay) for delay
    main.o(i.main) refers to printfa.o(i.__0printf) for __2printf
    main.o(i.main) refers to init.o(i.spi_gpio_init) for spi_gpio_init
    main.o(i.main) refers to spi_adc.o(i.spi_write) for spi_write
    main.o(i.main) refers to spi_adc.o(i.spi_read) for spi_read
    main.o(i.main) refers to ecr8660.o(i.ECR8660_Read) for ECR8660_Read
    main.o(i.main) refers to ecr8660.o(i.ECR8660_INIT) for ECR8660_INIT
    main.o(i.main) refers to ecr8660.o(i.ECR8660_CodeDownload) for ECR8660_CodeDownload
    main.o(i.main) refers to ecr8660.o(i.ECR8660_write) for ECR8660_write
    main.o(i.main) refers to command.o(i.Time_Out) for Time_Out
    main.o(i.main) refers to cs32f0xx_gpio.o(i.gpio_bits_set) for gpio_bits_set
    main.o(i.main) refers to cs32f0xx_usart.o(i.usart_interrupt_config) for usart_interrupt_config
    main.o(i.main) refers to cs32f0xx_flash.o(i.flash_unlock) for flash_unlock
    main.o(i.main) refers to cs32f0xx_flash.o(i.flash_flag_clear) for flash_flag_clear
    main.o(i.main) refers to memcpya.o(.text) for __aeabi_memcpy4
    main.o(i.main) refers to main.o(.bss) for rx_buf
    main.o(i.main) refers to main.o(.data) for fpga_select
    main.o(i.main) refers to cs32f0xx_flash.o(i.flash_word_program) for flash_word_program
    main.o(i.main) refers to cs32f0xx_flash.o(i.flash_lock) for flash_lock
    main.o(i.main) refers to cs32f0xx_flash.o(i.flash_page_erase) for flash_page_erase
    main.o(i.main) refers to main.o(i.__ARM_common_switch8) for __ARM_common_switch8
    main.o(i.main) refers to command.o(i.command_one) for command_one
    main.o(i.main) refers to command.o(i.command_two) for command_two
    main.o(i.main) refers to command.o(i.command_three) for command_three
    main.o(i.main) refers to command.o(i.command_four) for command_four
    main.o(i.main) refers to command.o(i.command_five) for command_five
    main.o(i.main) refers to spi_adc.o(i.Sweep_Frequency) for Sweep_Frequency
    main.o(i.main) refers to dfixui.o(.text) for __aeabi_d2uiz
    main.o(i.main) refers to spi_adc.o(.data) for peak_4g
    ecr8660.o(i.ECR8660_Buff_Write) refers to ecr8660.o(i._ECR8660_Base_Address) for _ECR8660_Base_Address
    ecr8660.o(i.ECR8660_Buff_Write) refers to ecr8660.o(i.ECR8660_read_write) for ECR8660_read_write
    ecr8660.o(i.ECR8660_Buff_Write) refers to systick.o(i.delay) for delay
    ecr8660.o(i.ECR8660_CodeDownload) refers to memseta.o(.text) for __aeabi_memclr4
    ecr8660.o(i.ECR8660_CodeDownload) refers to i2c_ee.o(i.cs_start_e2prom_buff_read) for cs_start_e2prom_buff_read
    ecr8660.o(i.ECR8660_CodeDownload) refers to printfa.o(i.__0printf) for __2printf
    ecr8660.o(i.ECR8660_CodeDownload) refers to memcpya.o(.text) for __aeabi_memcpy
[...]
    Removing cs32f0xx_pmu.o(i.pmu_flag_clear), (20 bytes).
    Removing cs32f0xx_pmu.o(i.pmu_flag_status_get), (28 bytes).
    Removing cs32f0xx_pmu.o(i.pmu_low_vol_detector_config), (32 bytes).
    Removing cs32f0xx_pmu.o(i.pmu_low_vol_detector_ctrl), (36 bytes).
    Removing cs32f0xx_pmu.o(i.pmu_power_down_start), (56 bytes).
    Removing cs32f0xx_pmu.o(i.pmu_sleep_mode_set), (32 bytes).
    Removing cs32f0xx_pmu.o(i.pmu_vbat_write_enable_ctrl), (40 bytes).
    Removing cs32f0xx_pmu.o(i.pmu_wakeup_pin_enable_ctrl), (32 bytes).
    Removing cs32f0xx_rcu.o(.rev16_text), (4 bytes).
    Removing cs32f0xx_rcu.o(.revsh_text), (4 bytes).
    Removing cs32f0xx_rcu.o(i.rcu_adcclk_config), (56 bytes).
    Removing cs32f0xx_rcu.o(i.rcu_ahb_periph_reset_enable_ctrl), (32 bytes).
    Removing cs32f0xx_rcu.o(i.rcu_clkout_config), (28 bytes).
    Removing cs32f0xx_rcu.o(i.rcu_def_init), (120 bytes).
    Removing cs32f0xx_rcu.o(i.rcu_flag_clear), (20 bytes).
    Removing cs32f0xx_rcu.o(i.rcu_flag_status_get), (72 bytes).
    Removing cs32f0xx_rcu.o(i.rcu_hclk_config), (32 bytes).
    Removing cs32f0xx_rcu.o(i.rcu_hrc14_calibration_adjust), (32 bytes).
    Removing cs32f0xx_rcu.o(i.rcu_hrc14_enable_ctrl), (36 bytes).
    Removing cs32f0xx_rcu.o(i.rcu_hrc14_opening_enable_ctrl), (36 bytes).
    Removing cs32f0xx_rcu.o(i.rcu_hrc_calibration_adjust), (32 bytes).
    Removing cs32f0xx_rcu.o(i.rcu_hrc_enable_ctrl), (36 bytes).
    Removing cs32f0xx_rcu.o(i.rcu_hxt_config), (16 bytes).
    Removing cs32f0xx_rcu.o(i.rcu_hxt_monitor_enable_ctrl), (40 bytes).
    Removing cs32f0xx_rcu.o(i.rcu_hxt_stabilization_wait), (60 bytes).
    Removing cs32f0xx_rcu.o(i.rcu_i2cclk_config), (28 bytes).
    Removing cs32f0xx_rcu.o(i.rcu_interrupt_clear), (12 bytes).
    Removing cs32f0xx_rcu.o(i.rcu_interrupt_config), (32 bytes).
    Removing cs32f0xx_rcu.o(i.rcu_interrupt_status_get), (28 bytes).
    Removing cs32f0xx_rcu.o(i.rcu_lrc_enable_ctrl), (36 bytes).
    Removing cs32f0xx_rcu.o(i.rcu_lxt_config), (40 bytes).
    Removing cs32f0xx_rcu.o(i.rcu_lxt_drive_config), (28 bytes).
    Removing cs32f0xx_rcu.o(i.rcu_pclk_config), (36 bytes).
    Removing cs32f0xx_rcu.o(i.rcu_pll_config), (36 bytes).
    Removing cs32f0xx_rcu.o(i.rcu_pll_divider_config), (28 bytes).
    Removing cs32f0xx_rcu.o(i.rcu_pll_enable_ctrl), (40 bytes).
    Removing cs32f0xx_rcu.o(i.rcu_rtcclk_config), (16 bytes).
    Removing cs32f0xx_rcu.o(i.rcu_rtcclk_enable_ctrl), (40 bytes).
    Removing cs32f0xx_rcu.o(i.rcu_sysclk_config), (28 bytes).
    Removing cs32f0xx_rcu.o(i.rcu_sysclk_switch_get), (16 bytes).
    Removing cs32f0xx_rcu.o(i.rcu_usartclk_config), (72 bytes).
    Removing cs32f0xx_rcu.o(i.rcu_vbat_reset_enable_ctrl), (40 bytes).
    Removing cs32f0xx_rtc.o(.rev16_text), (4 bytes).
    Removing cs32f0xx_rtc.o(.revsh_text), (4 bytes).
    Removing cs32f0xx_rtc.o(i.rtc_adj_register_config), (124 bytes).
    Removing cs32f0xx_rtc.o(i.rtc_alarm_enable_ctrl), (112 bytes).
    Removing cs32f0xx_rtc.o(i.rtc_alarm_get), (124 bytes).
    Removing cs32f0xx_rtc.o(i.rtc_alarm_set), (216 bytes).
    Removing cs32f0xx_rtc.o(i.rtc_alarm_struct_init), (22 bytes).
    Removing cs32f0xx_rtc.o(i.rtc_alarm_subsecond_config), (40 bytes).
    Removing cs32f0xx_rtc.o(i.rtc_alarm_subsecond_get), (16 bytes).
    Removing cs32f0xx_rtc.o(i.rtc_ao_register_read), (32 bytes).
    Removing cs32f0xx_rtc.o(i.rtc_ao_register_write), (28 bytes).
    Removing cs32f0xx_rtc.o(i.rtc_bcd_convert_byte), (26 bytes).
    Removing cs32f0xx_rtc.o(i.rtc_byte_convert_bcd), (28 bytes).
    Removing cs32f0xx_rtc.o(i.rtc_cali_output_config), (44 bytes).
    Removing cs32f0xx_rtc.o(i.rtc_cali_output_enable_ctrl), (56 bytes).
    Removing cs32f0xx_rtc.o(i.rtc_ccode_register_set), (28 bytes).
    Removing cs32f0xx_rtc.o(i.rtc_date_get), (96 bytes).
    Removing cs32f0xx_rtc.o(i.rtc_date_set), (208 bytes).
    Removing cs32f0xx_rtc.o(i.rtc_date_struct_init), (14 bytes).
    Removing cs32f0xx_rtc.o(i.rtc_daylight_saving_config), (48 bytes).
    Removing cs32f0xx_rtc.o(i.rtc_daylight_saving_flag_get), (16 bytes).
    Removing cs32f0xx_rtc.o(i.rtc_def_init), (116 bytes).
    Removing cs32f0xx_rtc.o(i.rtc_direct_access_enable_ctrl), (52 bytes).
    Removing cs32f0xx_rtc.o(i.rtc_flag_clear), (32 bytes).
    Removing cs32f0xx_rtc.o(i.rtc_flag_status_get), (44 bytes).
    Removing cs32f0xx_rtc.o(i.rtc_inbreak_enable_config), (36 bytes).
    Removing cs32f0xx_rtc.o(i.rtc_inbreak_enable_ctrl), (32 bytes).
    Removing cs32f0xx_rtc.o(i.rtc_inbreak_filter_config), (28 bytes).
    Removing cs32f0xx_rtc.o(i.rtc_inbreak_precharge_duration), (28 bytes).
    Removing cs32f0xx_rtc.o(i.rtc_inbreak_pull_up_enable_ctrl), (40 bytes).
    Removing cs32f0xx_rtc.o(i.rtc_inbreak_sample_freq_config), (28 bytes).
    Removing cs32f0xx_rtc.o(i.rtc_init), (88 bytes).
    Removing cs32f0xx_rtc.o(i.rtc_init_mode_enter), (88 bytes).
    Removing cs32f0xx_rtc.o(i.rtc_init_mode_exit), (20 bytes).
    Removing cs32f0xx_rtc.o(i.rtc_interrupt_config), (100 bytes).
    Removing cs32f0xx_rtc.o(i.rtc_interrupt_flag_clear), (36 bytes).
    Removing cs32f0xx_rtc.o(i.rtc_interrupt_status_get), (76 bytes).
    Removing cs32f0xx_rtc.o(i.rtc_output_config), (48 bytes).
    Removing cs32f0xx_rtc.o(i.rtc_output_type_config), (28 bytes).
    Removing cs32f0xx_rtc.o(i.rtc_outside_clock_enable_ctrl), (76 bytes).
    Removing cs32f0xx_rtc.o(i.rtc_recording_inbreak_detect_enable_ctrl), (36 bytes).
    Removing cs32f0xx_rtc.o(i.rtc_struct_init), (14 bytes).
    Removing cs32f0xx_rtc.o(i.rtc_subsecond_get), (16 bytes).
    Removing cs32f0xx_rtc.o(i.rtc_swallow_config), (96 bytes).
    Removing cs32f0xx_rtc.o(i.rtc_synchro_wait), (108 bytes).
    Removing cs32f0xx_rtc.o(i.rtc_time_get), (92 bytes).
    Removing cs32f0xx_rtc.o(i.rtc_time_recording_enable_ctrl), (64 bytes).
    Removing cs32f0xx_rtc.o(i.rtc_time_recording_get), (164 bytes).
    Removing cs32f0xx_rtc.o(i.rtc_time_recording_subsecond_get), (12 bytes).
    Removing cs32f0xx_rtc.o(i.rtc_time_set), (216 bytes).
    Removing cs32f0xx_rtc.o(i.rtc_time_struct_init), (12 bytes).
    Removing cs32f0xx_rtc.o(i.rtc_wakeup_clock_config), (40 bytes).
    Removing cs32f0xx_rtc.o(i.rtc_wakeup_enable_ctrl), (116 bytes).
    Removing cs32f0xx_rtc.o(i.rtc_wakeup_value_get), (12 bytes).
    Removing cs32f0xx_rtc.o(i.rtc_wakeup_value_set), (24 bytes).
    Removing cs32f0xx_spi.o(.rev16_text), (4 bytes).
    Removing cs32f0xx_spi.o(.revsh_text), (4 bytes).
    Removing cs32f0xx_spi.o(i.i2s_config_struct_init), (20 bytes).
    Removing cs32f0xx_spi.o(i.i2s_enable_ctrl), (32 bytes).
    Removing cs32f0xx_spi.o(i.i2s_init), (232 bytes).
    Removing cs32f0xx_spi.o(i.spi_8bits_data_receive), (12 bytes).
    Removing cs32f0xx_spi.o(i.spi_8bits_data_send), (10 bytes).
    Removing cs32f0xx_spi.o(i.spi_config_struct_init), (30 bytes).
    Removing cs32f0xx_spi.o(i.spi_crc_enable_ctrl), (32 bytes).
    Removing cs32f0xx_spi.o(i.spi_crc_length_set), (20 bytes).
    Removing cs32f0xx_spi.o(i.spi_crc_polynomial_get), (6 bytes).
    Removing cs32f0xx_spi.o(i.spi_crc_transmit), (12 bytes).
    Removing cs32f0xx_spi.o(i.spi_crc_value_get), (16 bytes).
    Removing cs32f0xx_spi.o(i.spi_data_width_set), (24 bytes).
    Removing cs32f0xx_spi.o(i.spi_dma_odd_even_set), (20 bytes).
    Removing cs32f0xx_spi.o(i.spi_enable_ctrl), (28 bytes).
    Removing cs32f0xx_spi.o(i.spi_fifo_recv_threshold_set), (20 bytes).
    Removing cs32f0xx_spi.o(i.spi_i2s_16bits_data_receive), (6 bytes).
    Removing cs32f0xx_spi.o(i.spi_i2s_16bits_data_send), (4 bytes).
    Removing cs32f0xx_spi.o(i.spi_i2s_def_init), (60 bytes).
    Removing cs32f0xx_spi.o(i.spi_i2s_dma_enable_ctrl), (20 bytes).
    Removing cs32f0xx_spi.o(i.spi_i2s_flag_clear), (6 bytes).
    Removing cs32f0xx_spi.o(i.spi_i2s_flag_status_get), (20 bytes).
    Removing cs32f0xx_spi.o(i.spi_i2s_interrupt_set), (34 bytes).
    Removing cs32f0xx_spi.o(i.spi_i2s_interrupt_status_get), (56 bytes).
    Removing cs32f0xx_spi.o(i.spi_init), (88 bytes).
    Removing cs32f0xx_spi.o(i.spi_nss_output_enable_ctrl), (28 bytes).
    Removing cs32f0xx_spi.o(i.spi_nss_pulse_enable_ctrl), (28 bytes).
    Removing cs32f0xx_spi.o(i.spi_receive_fifo_status_get), (12 bytes).
    Removing cs32f0xx_spi.o(i.spi_software_nss_config), (32 bytes).
    Removing cs32f0xx_spi.o(i.spi_ti_mode_enable_ctrl), (28 bytes).
    Removing cs32f0xx_spi.o(i.spi_transfer_fifo_status_get), (12 bytes).
    Removing cs32f0xx_spi.o(i.spi_transmit_direct_set), (32 bytes).
    Removing cs32f0xx_syscfg.o(.rev16_text), (4 bytes).
    Removing cs32f0xx_syscfg.o(.revsh_text), (4 bytes).
    Removing cs32f0xx_syscfg.o(i.syscfg_def_init), (44 bytes).
    Removing cs32f0xx_syscfg.o(i.syscfg_dma_channel_remap_config), (32 bytes).
    Removing cs32f0xx_syscfg.o(i.syscfg_flag_clear), (16 bytes).
    Removing cs32f0xx_syscfg.o(i.syscfg_flag_status_get), (32 bytes).
    Removing cs32f0xx_syscfg.o(i.syscfg_memory_remap_set), (28 bytes).
    Removing cs32f0xx_syscfg.o(i.syscfg_time_break_config), (16 bytes).
    Removing cs32f0xx_tim.o(.rev16_text), (4 bytes).
    Removing cs32f0xx_tim.o(.revsh_text), (4 bytes).
    Removing cs32f0xx_tim.o(i.tim_capture_struct_init), (18 bytes).
    Removing cs32f0xx_tim.o(i.tim_ch1cc_polarity_set), (24 bytes).
    Removing cs32f0xx_tim.o(i.tim_ch1cc_value_get), (6 bytes).
    Removing cs32f0xx_tim.o(i.tim_ch1cc_value_set), (4 bytes).
    Removing cs32f0xx_tim.o(i.tim_ch1ic_config), (56 bytes).
    Removing cs32f0xx_tim.o(i.tim_ch1ic_predivide_set), (20 bytes).
    Removing cs32f0xx_tim.o(i.tim_ch1ncc_polarity_set), (24 bytes).
    Removing cs32f0xx_tim.o(i.tim_ch1oc_clear_set), (24 bytes).
    Removing cs32f0xx_tim.o(i.tim_ch1oc_fast_set), (24 bytes).
    Removing cs32f0xx_tim.o(i.tim_ch1oc_init), (176 bytes).
    Removing cs32f0xx_tim.o(i.tim_ch1oc_mode_force_set), (24 bytes).
    Removing cs32f0xx_tim.o(i.tim_ch1oc_preload_set), (24 bytes).
    Removing cs32f0xx_tim.o(i.tim_ch2cc_polarity_set), (24 bytes).
    Removing cs32f0xx_tim.o(i.tim_ch2cc_value_get), (6 bytes).
    Removing cs32f0xx_tim.o(i.tim_ch2cc_value_set), (4 bytes).
    Removing cs32f0xx_tim.o(i.tim_ch2ic_config), (76 bytes).
    Removing cs32f0xx_tim.o(i.tim_ch2ic_predivide_set), (24 bytes).
    Removing cs32f0xx_tim.o(i.tim_ch2ncc_polarity_set), (24 bytes).
    Removing cs32f0xx_tim.o(i.tim_ch2oc_clear_set), (20 bytes).
    Removing cs32f0xx_tim.o(i.tim_ch2oc_fast_set), (24 bytes).
    Removing cs32f0xx_tim.o(i.tim_ch2oc_init), (200 bytes).
    Removing cs32f0xx_tim.o(i.tim_ch2oc_mode_force_set), (24 bytes).
    Removing cs32f0xx_tim.o(i.tim_ch2oc_preload_set), (24 bytes).
    Removing cs32f0xx_tim.o(i.tim_ch3cc_polarity_set), (24 bytes).
    Removing cs32f0xx_tim.o(i.tim_ch3cc_value_get), (6 bytes).
    Removing cs32f0xx_tim.o(i.tim_ch3cc_value_set), (4 bytes).
    Removing cs32f0xx_tim.o(i.tim_ch3ic_config), (72 bytes).
    Removing cs32f0xx_tim.o(i.tim_ch3ic_predivide_set), (20 bytes).
    Removing cs32f0xx_tim.o(i.tim_ch3ncc_polarity_set), (24 bytes).
    Removing cs32f0xx_tim.o(i.tim_ch3oc_clear_set), (24 bytes).
    Removing cs32f0xx_tim.o(i.tim_ch3oc_fast_set), (24 bytes).
    Removing cs32f0xx_tim.o(i.tim_ch3oc_init), (184 bytes).
    Removing cs32f0xx_tim.o(i.tim_ch3oc_mode_force_set), (24 bytes).
    Removing cs32f0xx_tim.o(i.tim_ch3oc_preload_set), (24 bytes).
    Removing cs32f0xx_tim.o(i.tim_ch4cc_polarity_set), (24 bytes).
    Removing cs32f0xx_tim.o(i.tim_ch4cc_value_get), (6 bytes).
    Removing cs32f0xx_tim.o(i.tim_ch4cc_value_set), (4 bytes).
    Removing cs32f0xx_tim.o(i.tim_ch4ic_config), (80 bytes).
    Removing cs32f0xx_tim.o(i.tim_ch4ic_predivide_set), (24 bytes).
    Removing cs32f0xx_tim.o(i.tim_ch4oc_clear_set), (20 bytes).
    Removing cs32f0xx_tim.o(i.tim_ch4oc_fast_set), (24 bytes).
    Removing cs32f0xx_tim.o(i.tim_ch4oc_init), (144 bytes).
    Removing cs32f0xx_tim.o(i.tim_ch4oc_mode_force_set), (24 bytes).
    Removing cs32f0xx_tim.o(i.tim_ch4oc_preload_set), (24 bytes).
    Removing cs32f0xx_tim.o(i.tim_ch_preload_shadow_enable_ctrl), (28 bytes).
    Removing cs32f0xx_tim.o(i.tim_ch_preload_update_enable_ctrl), (28 bytes).
    Removing cs32f0xx_tim.o(i.tim_chcc_enable_ctrl), (30 bytes).
    Removing cs32f0xx_tim.o(i.tim_chic_init), (112 bytes).
    Removing cs32f0xx_tim.o(i.tim_chncc_enable_ctrl), (30 bytes).
    Removing cs32f0xx_tim.o(i.tim_choc_mode_select), (82 bytes).
    Removing cs32f0xx_tim.o(i.tim_chopr_register_config), (32 bytes).
    Removing cs32f0xx_tim.o(i.tim_clock_division_set), (20 bytes).
    Removing cs32f0xx_tim.o(i.tim_compare_struct_init), (20 bytes).
    Removing cs32f0xx_tim.o(i.tim_config_struct_init), (18 bytes).
    Removing cs32f0xx_tim.o(i.tim_count_pattern_config), (24 bytes).
    Removing cs32f0xx_tim.o(i.tim_counter_get), (6 bytes).
    Removing cs32f0xx_tim.o(i.tim_counter_set), (4 bytes).
    Removing cs32f0xx_tim.o(i.tim_counter_update_set), (4 bytes).
    Removing cs32f0xx_tim.o(i.tim_def_init), (232 bytes).
    Removing cs32f0xx_tim.o(i.tim_dma_access_config), (12 bytes).
    Removing cs32f0xx_tim.o(i.tim_dma_enable_ctrl), (20 bytes).
    Removing cs32f0xx_tim.o(i.tim_dma_request_set), (28 bytes).
    Removing cs32f0xx_tim.o(i.tim_encoder_interface_set), (68 bytes).
    Removing cs32f0xx_tim.o(i.tim_event_source_set), (4 bytes).
    Removing cs32f0xx_tim.o(i.tim_external_clock_mode1_config), (52 bytes).
    Removing cs32f0xx_tim.o(i.tim_external_clock_mode2_config), (34 bytes).
    Removing cs32f0xx_tim.o(i.tim_external_trigger_config), (24 bytes).
    Removing cs32f0xx_tim.o(i.tim_flag_status_clear), (6 bytes).
    Removing cs32f0xx_tim.o(i.tim_flag_status_get), (20 bytes).
    Removing cs32f0xx_tim.o(i.tim_input_trigger_select), (24 bytes).
    Removing cs32f0xx_tim.o(i.tim_internal_clock_config), (16 bytes).
    Removing cs32f0xx_tim.o(i.tim_internal_trigger_external_clock_config), (24 bytes).
    Removing cs32f0xx_tim.o(i.tim_master_slave_control), (20 bytes).
    Removing cs32f0xx_tim.o(i.tim_ocref_clear_select), (20 bytes).
    Removing cs32f0xx_tim.o(i.tim_pdiv_register_value_get), (6 bytes).
    Removing cs32f0xx_tim.o(i.tim_protect_struct_init), (18 bytes).
    Removing cs32f0xx_tim.o(i.tim_pwm_config), (124 bytes).
    Removing cs32f0xx_tim.o(i.tim_pwm_output_set), (34 bytes).
    Removing cs32f0xx_tim.o(i.tim_remap_config), (6 bytes).
    Removing cs32f0xx_tim.o(i.tim_slave_mode_select), (20 bytes).
    Removing cs32f0xx_tim.o(i.tim_ti_external_clock_config), (58 bytes).
    Removing cs32f0xx_tim.o(i.tim_trigger_output_select), (20 bytes).
    Removing cs32f0xx_tim.o(i.tim_update_disable_set), (28 bytes).
    Removing cs32f0xx_tim.o(i.tim_update_request_select), (28 bytes).
    Removing cs32f0xx_tim.o(i.tim_uval_shadow_config), (28 bytes).
    Removing cs32f0xx_tim.o(i.tim_xor_input_set), (28 bytes).
    Removing cs32f0xx_usart.o(.rev16_text), (4 bytes).
    Removing cs32f0xx_usart.o(.revsh_text), (4 bytes).
    Removing cs32f0xx_usart.o(i.usart_11bit_break_detect_set), (16 bytes).
    Removing cs32f0xx_usart.o(i.usart_addr_detect_set), (16 bytes).
    Removing cs32f0xx_usart.o(i.usart_address_set), (18 bytes).
    Removing cs32f0xx_usart.o(i.usart_auto_baud_rate_config), (18 bytes).
    Removing cs32f0xx_usart.o(i.usart_auto_baud_rate_enable_ctrl), (28 bytes).
    Removing cs32f0xx_usart.o(i.usart_auto_retry_times_set), (20 bytes).
    Removing cs32f0xx_usart.o(i.usart_block_value_set), (18 bytes).
    Removing cs32f0xx_usart.o(i.usart_config_struct_init), (24 bytes).
    Removing cs32f0xx_usart.o(i.usart_data_reverse_enable_ctrl), (28 bytes).
    Removing cs32f0xx_usart.o(i.usart_direction_enable_ctrl), (20 bytes).
    Removing cs32f0xx_usart.o(i.usart_dma_enable_ctrl), (20 bytes).
    Removing cs32f0xx_usart.o(i.usart_dma_recv_error_config), (18 bytes).
    Removing cs32f0xx_usart.o(i.usart_driver_enable_ctrl), (28 bytes).
    Removing cs32f0xx_usart.o(i.usart_driver_enable_polarity_config), (18 bytes).
    Removing cs32f0xx_usart.o(i.usart_driver_enable_posactive_time_set), (20 bytes).
    Removing cs32f0xx_usart.o(i.usart_driver_enable_preactive_time_set), (20 bytes).
    Removing cs32f0xx_usart.o(i.usart_flag_clear), (4 bytes).
    Removing cs32f0xx_usart.o(i.usart_guard_time_set), (16 bytes).
    Removing cs32f0xx_usart.o(i.usart_half_duplex_enable_ctrl), (24 bytes).
    Removing cs32f0xx_usart.o(i.usart_interrupt_bit_clear), (18 bytes).
    Removing cs32f0xx_usart.o(i.usart_irda_config), (16 bytes).
    Removing cs32f0xx_usart.o(i.usart_irda_enable_ctrl), (24 bytes).
    Removing cs32f0xx_usart.o(i.usart_lin_mode_enable_ctrl), (28 bytes).
    Removing cs32f0xx_usart.o(i.usart_msb_first_enable_ctrl), (28 bytes).
    Removing cs32f0xx_usart.o(i.usart_oversampling_enable_ctrl), (28 bytes).
    Removing cs32f0xx_usart.o(i.usart_pin_reverse_enable_ctrl), (20 bytes).
    Removing cs32f0xx_usart.o(i.usart_pin_swap_enable_ctrl), (28 bytes).
    Removing cs32f0xx_usart.o(i.usart_prescaler_set), (18 bytes).
    Removing cs32f0xx_usart.o(i.usart_recv_mask_enable_ctrl), (28 bytes).
    Removing cs32f0xx_usart.o(i.usart_recv_overtime_enable_ctrl), (28 bytes).
    Removing cs32f0xx_usart.o(i.usart_recv_overtime_set), (16 bytes).
    Removing cs32f0xx_usart.o(i.usart_recv_wakeup_config), (18 bytes).
    Removing cs32f0xx_usart.o(i.usart_recveive_overflow_config), (18 bytes).
    Removing cs32f0xx_usart.o(i.usart_sample_method_enable_ctrl), (28 bytes).
    Removing cs32f0xx_usart.o(i.usart_smartcard_enable_ctrl), (32 bytes).
    Removing cs32f0xx_usart.o(i.usart_smartcard_nack_enable_ctrl), (24 bytes).
    Removing cs32f0xx_usart.o(i.usart_stop_mode_enable_ctrl), (24 bytes).
    Removing cs32f0xx_usart.o(i.usart_stop_mode_wakeup_config), (18 bytes).
    Removing cs32f0xx_usart.o(i.usart_trigger_enable_ctrl), (20 bytes).
    Removing cs32f0xx_wwdt.o(.rev16_text), (4 bytes).
    Removing cs32f0xx_wwdt.o(.revsh_text), (4 bytes).
    Removing cs32f0xx_wwdt.o(i.wwdt_counter_set), (16 bytes).
    Removing cs32f0xx_wwdt.o(i.wwdt_def_init), (22 bytes).
    Removing cs32f0xx_wwdt.o(i.wwdt_enable), (16 bytes).
    Removing cs32f0xx_wwdt.o(i.wwdt_flag_clear), (12 bytes).
    Removing cs32f0xx_wwdt.o(i.wwdt_interrupt_enable), (20 bytes).
    Removing cs32f0xx_wwdt.o(i.wwdt_prescaler_set), (28 bytes).
    Removing cs32f0xx_wwdt.o(i.wwdt_status_flag_get), (24 bytes).
    Removing cs32f0xx_wwdt.o(i.wwdt_window_value_set), (40 bytes).
    Removing dflti.o(.text), (40 bytes).

495 unused section(s) (total 19076 bytes) removed from the image.

==============================================================================

Image Symbol Table

    Local Symbols

    Symbol Name                              Value     Ov Type        Size  Object(Section)

    ../clib/../cmprslib/zerorunl2.c          0x00000000   Number         0  __dczerorl2.o ABSOLUTE
    ../clib/microlib/division.c              0x00000000   Number         0  idiv.o ABSOLUTE
    ../clib/microlib/division.c              0x00000000   Number         0  uidiv.o ABSOLUTE
    ../clib/microlib/division.c              0x00000000   Number         0  uldiv.o ABSOLUTE
    ../clib/microlib/init/entry.s            0x00000000   Number         0  entry11b.o ABSOLUTE
    ../clib/microlib/init/entry.s            0x00000000   Number         0  entry5.o ABSOLUTE
    ../clib/microlib/init/entry.s            0x00000000   Number         0  entry7a.o ABSOLUTE
    ../clib/microlib/init/entry.s            0x00000000   Number         0  entry11a.o ABSOLUTE
    ../clib/microlib/init/entry.s            0x00000000   Number         0  entry8a.o ABSOLUTE
    ../clib/microlib/init/entry.s            0x00000000   Number         0  entry10b.o ABSOLUTE
    ../clib/microlib/init/entry.s            0x00000000   Number         0  entry10a.o ABSOLUTE
    ../clib/microlib/init/entry.s            0x00000000   Number         0  entry9b.o ABSOLUTE
    ../clib/microlib/init/entry.s            0x00000000   Number         0  entry7b.o ABSOLUTE
    ../clib/microlib/init/entry.s            0x00000000   Number         0  entry9a.o ABSOLUTE
    ../clib/microlib/init/entry.s            0x00000000   Number         0  entry.o ABSOLUTE
    ../clib/microlib/init/entry.s            0x00000000   Number         0  entry8b.o ABSOLUTE
    ../clib/microlib/init/entry.s            0x00000000   Number         0  entry2.o ABSOLUTE
    ../clib/microlib/longlong.c              0x00000000   Number         0  llshl.o ABSOLUTE
    ../clib/microlib/longlong.c              0x00000000   Number         0  llushr.o ABSOLUTE
    ../clib/microlib/longlong.c              0x00000000   Number         0  llsshr.o ABSOLUTE
    ../clib/microlib/printf/printf.c         0x00000000   Number         0  printf7.o ABSOLUTE
    ../clib/microlib/printf/printf.c         0x00000000   Number         0  printf6.o ABSOLUTE
    ../clib/microlib/printf/printf.c         0x00000000   Number         0  printf5.o ABSOLUTE
    ../clib/microlib/printf/printf.c         0x00000000   Number         0  printf2.o ABSOLUTE
    ../clib/microlib/printf/printf.c         0x00000000   Number         0  printf3.o ABSOLUTE
    ../clib/microlib/printf/printf.c         0x00000000   Number         0  printf0.o ABSOLUTE
    ../clib/microlib/printf/printf.c         0x00000000   Number         0  printfb.o ABSOLUTE
    ../clib/microlib/printf/printf.c         0x00000000   Number         0  printf4.o ABSOLUTE
    ../clib/microlib/printf/printf.c         0x00000000   Number         0  printf1.o ABSOLUTE
    ../clib/microlib/printf/printf.c         0x00000000   Number         0  printfa.o ABSOLUTE
    ../clib/microlib/printf/printf.c         0x00000000   Number         0  printf8.o ABSOLUTE
    ../clib/microlib/printf/stubs.s          0x00000000   Number         0  stubs.o ABSOLUTE
    ../clib/microlib/stdio/streams.c         0x00000000   Number         0  stdout.o ABSOLUTE
    ../clib/microlib/string/memcpy.c         0x00000000   Number         0  memcpya.o ABSOLUTE
    ../clib/microlib/string/memcpy.c         0x00000000   Number         0  memcpyb.o ABSOLUTE
    ../clib/microlib/string/memset.c         0x00000000   Number         0  memseta.o ABSOLUTE
    ../clib/microlib/stubs.s                 0x00000000   Number         0  iusefp.o ABSOLUTE
    ../fplib/microlib/fpadd.c                0x00000000   Number         0  dadd.o ABSOLUTE
    ../fplib/microlib/fpdiv.c                0x00000000   Number         0  ddiv.o ABSOLUTE
    ../fplib/microlib/fpepilogue.c           0x00000000   Number         0  depilogue.o ABSOLUTE
    ../fplib/microlib/fpfix.c                0x00000000   Number         0  dfixui.o ABSOLUTE
    ../fplib/microlib/fpfix.c                0x00000000   Number         0  dfixul.o ABSOLUTE
    ../fplib/microlib/fpflt.c                0x00000000   Number         0  dfltui.o ABSOLUTE
    ../fplib/microlib/fpflt.c                0x00000000   Number         0  dflti.o ABSOLUTE
    ../fplib/microlib/fpmul.c                0x00000000   Number         0  dmul.o ABSOLUTE
    ..\Driver\adc.c                          0x00000000   Number         0  adc.o ABSOLUTE
    ..\Driver\i2c_ee.c                       0x00000000   Number         0  i2c_ee.o ABSOLUTE
    ..\Driver\systick.c                      0x00000000   Number         0  systick.o ABSOLUTE
    ..\Driver\tim.c                          0x00000000   Number         0  tim.o ABSOLUTE
    ..\Driver\usart.c                        0x00000000   Number         0  usart.o ABSOLUTE
    ..\Driver\w25x64.c                       0x00000000   Number         0  w25x64.o ABSOLUTE
    ..\\Driver\\adc.c                        0x00000000   Number         0  adc.o ABSOLUTE
    ..\\Driver\\i2c_ee.c                     0x00000000   Number         0  i2c_ee.o ABSOLUTE
    ..\\Driver\\systick.c                    0x00000000   Number         0  systick.o ABSOLUTE
    ..\\Driver\\tim.c                        0x00000000   Number         0  tim.o ABSOLUTE
    ..\\Driver\\usart.c                      0x00000000   Number         0  usart.o ABSOLUTE
    ..\\Driver\\w25x64.c                     0x00000000   Number         0  w25x64.o ABSOLUTE
    ECR8660.c                                0x00000000   Number         0  ecr8660.o ABSOLUTE
    ECR8660.c                                0x00000000   Number         0  ecr8660.o ABSOLUTE
    RTE\Device\CS32F031K8U6\startup_cs32f031.S 0x00000000   Number         0  startup_cs32f031.o ABSOLUTE
    RTE\Device\CS32F031K8U6\system_cs32f0xx.c 0x00000000   Number         0  system_cs32f0xx.o ABSOLUTE
    RTE\\Device\\CS32F031K8U6\\system_cs32f0xx.c 0x00000000   Number         0  system_cs32f0xx.o ABSOLUTE
    cdrcmple.s                               0x00000000   Number         0  cdrcmple.o ABSOLUTE
    command.c                                0x00000000   Number         0  command.o ABSOLUTE
    command.c                                0x00000000   Number         0  command.o ABSOLUTE
    common.c                                 0x00000000   Number         0  common.o ABSOLUTE
    common.c                                 0x00000000   Number         0  common.o ABSOLUTE
    cs32f0xx_int.c                           0x00000000   Number         0  cs32f0xx_int.o ABSOLUTE
    cs32f0xx_int.c                           0x00000000   Number         0  cs32f0xx_int.o ABSOLUTE
    d:\Keil_v5\ARM\PACK\Chipsea\CS32F0xx_DFP\1.0.5\Device\HAL_Driver\src\cs32f0xx_adc.c 0x00000000   Number         0  cs32f0xx_adc.o ABSOLUTE
    d:\Keil_v5\ARM\PACK\Chipsea\CS32F0xx_DFP\1.0.5\Device\HAL_Driver\src\cs32f0xx_crc.c 0x00000000   Number         0  cs32f0xx_crc.o ABSOLUTE
    d:\Keil_v5\ARM\PACK\Chipsea\CS32F0xx_DFP\1.0.5\Device\HAL_Driver\src\cs32f0xx_debug.c 0x00000000   Number         0  cs32f0xx_debug.o ABSOLUTE
    d:\Keil_v5\ARM\PACK\Chipsea\CS32F0xx_DFP\1.0.5\Device\HAL_Driver\src\cs32f0xx_dma.c 0x00000000   Number         0  cs32f0xx_dma.o ABSOLUTE
    d:\Keil_v5\ARM\PACK\Chipsea\CS32F0xx_DFP\1.0.5\Device\HAL_Driver\src\cs32f0xx_exti.c 0x00000000   Number         0  cs32f0xx_exti.o ABSOLUTE
    d:\Keil_v5\ARM\PACK\Chipsea\CS32F0xx_DFP\1.0.5\Device\HAL_Driver\src\cs32f0xx_flash.c 0x00000000   Number         0  cs32f0xx_flash.o ABSOLUTE
    d:\Keil_v5\ARM\PACK\Chipsea\CS32F0xx_DFP\1.0.5\Device\HAL_Driver\src\cs32f0xx_fwdt.c 0x00000000   Number         0  cs32f0xx_fwdt.o ABSOLUTE
    d:\Keil_v5\ARM\PACK\Chipsea\CS32F0xx_DFP\1.0.5\Device\HAL_Driver\src\cs32f0xx_gpio.c 0x00000000   Number         0  cs32f0xx_gpio.o ABSOLUTE
    d:\Keil_v5\ARM\PACK\Chipsea\CS32F0xx_DFP\1.0.5\Device\HAL_Driver\src\cs32f0xx_i2c.c 0x00000000   Number         0  cs32f0xx_i2c.o ABSOLUTE
    d:\Keil_v5\ARM\PACK\Chipsea\CS32F0xx_DFP\1.0.5\Device\HAL_Driver\src\cs32f0xx_misc.c 0x00000000   Number         0  cs32f0xx_misc.o ABSOLUTE
    d:\Keil_v5\ARM\PACK\Chipsea\CS32F0xx_DFP\1.0.5\Device\HAL_Driver\src\cs32f0xx_pmu.c 0x00000000   Number         0  cs32f0xx_pmu.o ABSOLUTE
    d:\Keil_v5\ARM\PACK\Chipsea\CS32F0xx_DFP\1.0.5\Device\HAL_Driver\src\cs32f0xx_rcu.c 0x00000000   Number         0  cs32f0xx_rcu.o ABSOLUTE
    d:\Keil_v5\ARM\PACK\Chipsea\CS32F0xx_DFP\1.0.5\Device\HAL_Driver\src\cs32f0xx_rtc.c 0x00000000   Number         0  cs32f0xx_rtc.o ABSOLUTE
    d:\Keil_v5\ARM\PACK\Chipsea\CS32F0xx_DFP\1.0.5\Device\HAL_Driver\src\cs32f0xx_spi.c 0x00000000   Number         0  cs32f0xx_spi.o ABSOLUTE
    d:\Keil_v5\ARM\PACK\Chipsea\CS32F0xx_DFP\1.0.5\Device\HAL_Driver\src\cs32f0xx_syscfg.c 0x00000000   Number         0  cs32f0xx_syscfg.o ABSOLUTE
    d:\Keil_v5\ARM\PACK\Chipsea\CS32F0xx_DFP\1.0.5\Device\HAL_Driver\src\cs32f0xx_tim.c 0x00000000   Number         0  cs32f0xx_tim.o ABSOLUTE
    d:\Keil_v5\ARM\PACK\Chipsea\CS32F0xx_DFP\1.0.5\Device\HAL_Driver\src\cs32f0xx_usart.c 0x00000000   Number         0  cs32f0xx_usart.o ABSOLUTE
    d:\Keil_v5\ARM\PACK\Chipsea\CS32F0xx_DFP\1.0.5\Device\HAL_Driver\src\cs32f0xx_wwdt.c 0x00000000   Number         0  cs32f0xx_wwdt.o ABSOLUTE
    d:\\Keil_v5\\ARM\\PACK\\Chipsea\\CS32F0xx_DFP\\1.0.5\\Device\\HAL_Driver\\src\\cs32f0xx_adc.c 0x00000000   Number         0  cs32f0xx_adc.o ABSOLUTE
    d:\\Keil_v5\\ARM\\PACK\\Chipsea\\CS32F0xx_DFP\\1.0.5\\Device\\HAL_Driver\\src\\cs32f0xx_crc.c 0x00000000   Number         0  cs32f0xx_crc.o ABSOLUTE
    d:\\Keil_v5\\ARM\\PACK\\Chipsea\\CS32F0xx_DFP\\1.0.5\\Device\\HAL_Driver\\src\\cs32f0xx_debug.c 0x00000000   Number         0  cs32f0xx_debug.o ABSOLUTE
    d:\\Keil_v5\\ARM\\PACK\\Chipsea\\CS32F0xx_DFP\\1.0.5\\Device\\HAL_Driver\\src\\cs32f0xx_dma.c 0x00000000   Number         0  cs32f0xx_dma.o ABSOLUTE
    d:\\Keil_v5\\ARM\\PACK\\Chipsea\\CS32F0xx_DFP\\1.0.5\\Device\\HAL_Driver\\src\\cs32f0xx_exti.c 0x00000000   Number         0  cs32f0xx_exti.o ABSOLUTE
    d:\\Keil_v5\\ARM\\PACK\\Chipsea\\CS32F0xx_DFP\\1.0.5\\Device\\HAL_Driver\\src\\cs32f0xx_flash.c 0x00000000   Number         0  cs32f0xx_flash.o ABSOLUTE
    d:\\Keil_v5\\ARM\\PACK\\Chipsea\\CS32F0xx_DFP\\1.0.5\\Device\\HAL_Driver\\src\\cs32f0xx_fwdt.c 0x00000000   Number         0  cs32f0xx_fwdt.o ABSOLUTE
    d:\\Keil_v5\\ARM\\PACK\\Chipsea\\CS32F0xx_DFP\\1.0.5\\Device\\HAL_Driver\\src\\cs32f0xx_gpio.c 0x00000000   Number         0  cs32f0xx_gpio.o ABSOLUTE
    d:\\Keil_v5\\ARM\\PACK\\Chipsea\\CS32F0xx_DFP\\1.0.5\\Device\\HAL_Driver\\src\\cs32f0xx_i2c.c 0x00000000   Number         0  cs32f0xx_i2c.o ABSOLUTE
    d:\\Keil_v5\\ARM\\PACK\\Chipsea\\CS32F0xx_DFP\\1.0.5\\Device\\HAL_Driver\\src\\cs32f0xx_misc.c 0x00000000   Number         0  cs32f0xx_misc.o ABSOLUTE
    d:\\Keil_v5\\ARM\\PACK\\Chipsea\\CS32F0xx_DFP\\1.0.5\\Device\\HAL_Driver\\src\\cs32f0xx_pmu.c 0x00000000   Number         0  cs32f0xx_pmu.o ABSOLUTE
    d:\\Keil_v5\\ARM\\PACK\\Chipsea\\CS32F0xx_DFP\\1.0.5\\Device\\HAL_Driver\\src\\cs32f0xx_rcu.c 0x00000000   Number         0  cs32f0xx_rcu.o ABSOLUTE
    d:\\Keil_v5\\ARM\\PACK\\Chipsea\\CS32F0xx_DFP\\1.0.5\\Device\\HAL_Driver\\src\\cs32f0xx_rtc.c 0x00000000   Number         0  cs32f0xx_rtc.o ABSOLUTE
    d:\\Keil_v5\\ARM\\PACK\\Chipsea\\CS32F0xx_DFP\\1.0.5\\Device\\HAL_Driver\\src\\cs32f0xx_spi.c 0x00000000   Number         0  cs32f0xx_spi.o ABSOLUTE
    d:\\Keil_v5\\ARM\\PACK\\Chipsea\\CS32F0xx_DFP\\1.0.5\\Device\\HAL_Driver\\src\\cs32f0xx_syscfg.c 0x00000000   Number         0  cs32f0xx_syscfg.o ABSOLUTE
    d:\\Keil_v5\\ARM\\PACK\\Chipsea\\CS32F0xx_DFP\\1.0.5\\Device\\HAL_Driver\\src\\cs32f0xx_tim.c 0x00000000   Number         0  cs32f0xx_tim.o ABSOLUTE
    d:\\Keil_v5\\ARM\\PACK\\Chipsea\\CS32F0xx_DFP\\1.0.5\\Device\\HAL_Driver\\src\\cs32f0xx_usart.c 0x00000000   Number         0  cs32f0xx_usart.o ABSOLUTE
    d:\\Keil_v5\\ARM\\PACK\\Chipsea\\CS32F0xx_DFP\\1.0.5\\Device\\HAL_Driver\\src\\cs32f0xx_wwdt.c 0x00000000   Number         0  cs32f0xx_wwdt.o ABSOLUTE
    dc.s                                     0x00000000   Number         0  dc.o ABSOLUTE
    handlers.s                               0x00000000   Number         0  handlers.o ABSOLUTE
    init.c                                   0x00000000   Number         0  init.o ABSOLUTE
    init.c                                   0x00000000   Number         0  init.o ABSOLUTE
    init.s                                   0x00000000   Number         0  init.o ABSOLUTE
    main.c                                   0x00000000   Number         0  main.o ABSOLUTE
    main.c                                   0x00000000   Number         0  main.o ABSOLUTE
    spi_adc.c                                0x00000000   Number         0  spi_adc.o ABSOLUTE
    spi_adc.c                                0x00000000   Number         0  spi_adc.o ABSOLUTE
    RESET                                    0x08000000   Section      184  startup_cs32f031.o(RESET)
    .ARM.Collect$$$$00000000                 0x080000b8   Section        0  entry.o(.ARM.Collect$$$$00000000)
    .ARM.Collect$$$$00000001                 0x080000b8   Section        4  entry2.o(.ARM.Collect$$$$00000001)
    .ARM.Collect$$$$00000004                 0x080000bc   Section        4  entry5.o(.ARM.Collect$$$$00000004)
    .ARM.Collect$$$$00000008                 0x080000c0   Section        0  entry7b.o(.ARM.Collect$$$$00000008)
    .ARM.Collect$$$$0000000A                 0x080000c0   Section        0  entry8b.o(.ARM.Collect$$$$0000000A)
    .ARM.Collect$$$$0000000B                 0x080000c0   Section        8  entry9a.o(.ARM.Collect$$$$0000000B)
    .ARM.Collect$$$$0000000D                 0x080000c8   Section        0  entry10a.o(.ARM.Collect$$$$0000000D)
    .ARM.Collect$$$$0000000F                 0x080000c8   Section        0  entry11a.o(.ARM.Collect$$$$0000000F)
    .ARM.Collect$$$$00002712                 0x080000c8   Section        4  entry2.o(.ARM.Collect$$$$00002712)
    __lit__00000000                          0x080000c8   Data           4  entry2.o(.ARM.Collect$$$$00002712)
    .text                                    0x080000cc   Section       28  startup_cs32f031.o(.text)
    .text                                    0x080000e8   Section        0  uidiv.o(.text)
    .text                                    0x08000114   Section        0  idiv.o(.text)
    .text                                    0x0800013c   Section        0  memcpya.o(.text)
    .text                                    0x08000160   Section        0  memseta.o(.text)
    .text                                    0x08000184   Section        0  dadd.o(.text)
    .text                                    0x080002e8   Section        0  dmul.o(.text)
    .text                                    0x080003b8   Section        0  dfltui.o(.text)
    .text                                    0x080003d4   Section        0  dfixui.o(.text)
    .text                                    0x08000410   Section        0  uldiv.o(.text)
    .text                                    0x08000470   Section        0  llshl.o(.text)
    .text                                    0x08000490   Section        0  llushr.o(.text)
    .text                                    0x080004b2   Section        0  llsshr.o(.text)
    .text                                    0x080004d8   Section        0  iusefp.o(.text)
    .text                                    0x080004d8   Section        0  depilogue.o(.text)
    .text                                    0x08000598   Section        0  ddiv.o(.text)
    .text                                    0x08000688   Section        0  dfixul.o(.text)
    .text                                    0x080006c8   Section       40  cdrcmple.o(.text)
    .text                                    0x080006f0   Section       36  init.o(.text)
    .text                                    0x08000714   Section        0  __dczerorl2.o(.text)
    i.ECR8660_CodeDownload                   0x0800076c   Section        0  ecr8660.o(i.ECR8660_CodeDownload)
    i.ECR8660_INIT                           0x080008cc   Section        0  ecr8660.o(i.ECR8660_INIT)
    i.ECR8660_Read                           0x080008f8   Section        0  ecr8660.o(i.ECR8660_Read)
    i.ECR8660_SPI_WR                         0x0800097c   Section        0  ecr8660.o(i.ECR8660_SPI_WR)
    i.ECR8660_read_write                     0x08000a3c   Section        0  ecr8660.o(i.ECR8660_read_write)
    i.ECR8660_write                          0x08000ab0   Section        0  ecr8660.o(i.ECR8660_write)
    i.EXTI0_1_IRQHandler                     0x08000b30   Section        0  main.o(i.EXTI0_1_IRQHandler)
    i.HardFault_Handler                      0x08000b54   Section        0  cs32f0xx_int.o(i.HardFault_Handler)
    i.NMI_Handler                            0x08000b58   Section        0  cs32f0xx_int.o(i.NMI_Handler)
    i.NVIC_SetPriority                       0x08000b5c   Section        0  systick.o(i.NVIC_SetPriority)
    NVIC_SetPriority                         0x08000b5d   Thumb Code   110  systick.o(i.NVIC_SetPriority)
    i.PendSV_Handler                         0x08000bd4   Section        0  cs32f0xx_int.o(i.PendSV_Handler)
    i.SSC_SPI_Write_read                     0x08000bd6   Section        0  ecr8660.o(i.SSC_SPI_Write_read)
    i.SVC_Handler                            0x08000d5a   Section        0  cs32f0xx_int.o(i.SVC_Handler)
    i.SetECR8660_to_List                     0x08000d5c   Section        0  ecr8660.o(i.SetECR8660_to_List)
    i.SetSysClock                            0x08000e54   Section        0  system_cs32f0xx.o(i.SetSysClock)
    SetSysClock                              0x08000e55   Thumb Code   118  system_cs32f0xx.o(i.SetSysClock)
    i.Sweep_Frequency                        0x08000ed4   Section        0  spi_adc.o(i.Sweep_Frequency)
    i.SysTick_Handler                        0x08001158   Section        0  cs32f0xx_int.o(i.SysTick_Handler)
    i.SystemInit                             0x08001160   Section        0  system_cs32f0xx.o(i.SystemInit)
    i.TIM3_IRQHandler                        0x080011dc   Section        0  main.o(i.TIM3_IRQHandler)
    i.Time_Out                               0x0800124c   Section        0  command.o(i.Time_Out)
    i.USART1_IRQHandler                      0x08001308   Section        0  main.o(i.USART1_IRQHandler)
    i._ECR8660_Base_Address                  0x080013cc   Section        0  ecr8660.o(i._ECR8660_Base_Address)
    i._ECR8660_Base_Address_Dict_Find        0x080013e8   Section        0  ecr8660.o(i._ECR8660_Base_Address_Dict_Find)
    i._SetECR8660_to_List                    0x0800141c   Section        0  ecr8660.o(i._SetECR8660_to_List)
    i.__0printf                              0x0800153c   Section        0  printfa.o(i.__0printf)
    i.__ARM_clz                              0x0800155c   Section        0  depilogue.o(i.__ARM_clz)
    i.__ARM_common_switch8                   0x0800158a   Section        0  main.o(i.__ARM_common_switch8)
    i.__scatterload_copy                     0x080015a6   Section       14  handlers.o(i.__scatterload_copy)
    i.__scatterload_null                     0x080015b4   Section        2  handlers.o(i.__scatterload_null)
    i.__scatterload_zeroinit                 0x080015b6   Section       14  handlers.o(i.__scatterload_zeroinit)
    i._fp_digits                             0x080015c4   Section        0  printfa.o(i._fp_digits)
    _fp_digits                               0x080015c5   Thumb Code   316  printfa.o(i._fp_digits)
    i._printf_core                           0x0800171c   Section        0  printfa.o(i._printf_core)
    _printf_core                             0x0800171d   Thumb Code  1754  printfa.o(i._printf_core)
    i._printf_post_padding                   0x08001e08   Section        0  printfa.o(i._printf_post_padding)
    _printf_post_padding                     0x08001e09   Thumb Code    32  printfa.o(i._printf_post_padding)
    i._printf_pre_padding                    0x08001e28   Section        0  printfa.o(i._printf_pre_padding)
    _printf_pre_padding                      0x08001e29   Thumb Code    44  printfa.o(i._printf_pre_padding)
    i.adc_i2c_init                           0x08001e54   Section        0  init.o(i.adc_i2c_init)
    i.command_five                           0x08001ecc   Section        0  command.o(i.command_five)
    i.command_four                           0x0800226c   Section        0  command.o(i.command_four)
    i.command_one                            0x080025d4   Section        0  command.o(i.command_one)
    i.command_three                          0x08002890   Section        0  command.o(i.command_three)
    i.command_two                            0x08002bc0   Section        0  command.o(i.command_two)
    i.cs_start_e2prom_buff_read              0x08002eb8   Section        0  i2c_ee.o(i.cs_start_e2prom_buff_read)
    i.cs_start_systick_config                0x0800324c   Section        0  systick.o(i.cs_start_systick_config)
    i.default_freq_select                    0x08003290   Section        0  spi_adc.o(i.default_freq_select)
    i.delay                                  0x0800344c   Section        0  systick.o(i.delay)
    i.exti0_1_config                         0x08003464   Section        0  init.o(i.exti0_1_config)
    i.exti_init                              0x080034d0   Section        0  cs32f0xx_exti.o(i.exti_init)
    i.exti_interrupt_status_clear            0x08003558   Section        0  cs32f0xx_exti.o(i.exti_interrupt_status_clear)
    i.exti_interrupt_status_get              0x08003564   Section        0  cs32f0xx_exti.o(i.exti_interrupt_status_get)
    i.flash_flag_clear                       0x08003580   Section        0  cs32f0xx_flash.o(i.flash_flag_clear)
    i.flash_lock                             0x0800358c   Section        0  cs32f0xx_flash.o(i.flash_lock)
    i.flash_operation_wait                   0x080035a0   Section        0  cs32f0xx_flash.o(i.flash_operation_wait)
    i.flash_page_erase                       0x080035c8   Section        0  cs32f0xx_flash.o(i.flash_page_erase)
    i.flash_status_get                       0x08003614   Section        0  cs32f0xx_flash.o(i.flash_status_get)
    i.flash_unlock                           0x08003650   Section        0  cs32f0xx_flash.o(i.flash_unlock)
    i.flash_word_program                     0x08003674   Section        0  cs32f0xx_flash.o(i.flash_word_program)
    i.fputc                                  0x080036e0   Section        0  main.o(i.fputc)
    i.freq_set                               0x08003704   Section        0  spi_adc.o(i.freq_set)
    i.gpio_bits_reset                        0x080037f0   Section        0  cs32f0xx_gpio.o(i.gpio_bits_reset)
    i.gpio_bits_set                          0x080037f4   Section        0  cs32f0xx_gpio.o(i.gpio_bits_set)
    i.gpio_config                            0x080037f8   Section        0  init.o(i.gpio_config)
    i.gpio_init                              0x080038c0   Section        0  cs32f0xx_gpio.o(i.gpio_init)
    i.gpio_input_data_bit_read               0x08003950   Section        0  cs32f0xx_gpio.o(i.gpio_input_data_bit_read)
    i.gpio_mf_config                         0x08003964   Section        0  cs32f0xx_gpio.o(i.gpio_mf_config)
    i.i2c_data_receive                       0x080039a8   Section        0  cs32f0xx_i2c.o(i.i2c_data_receive)
    i.i2c_data_send                          0x080039b0   Section        0  cs32f0xx_i2c.o(i.i2c_data_send)
    i.i2c_enable_ctrl                        0x080039b4   Section        0  cs32f0xx_i2c.o(i.i2c_enable_ctrl)
    i.i2c_flag_clear                         0x080039cc   Section        0  cs32f0xx_i2c.o(i.i2c_flag_clear)
    i.i2c_flag_status_get                    0x080039d0   Section        0  cs32f0xx_i2c.o(i.i2c_flag_status_get)
    i.i2c_init                               0x080039ec   Section        0  cs32f0xx_i2c.o(i.i2c_init)
    i.i2c_transfer_handle                    0x08003a58   Section        0  cs32f0xx_i2c.o(i.i2c_transfer_handle)
    i.main                                   0x08003a98   Section        0  main.o(i.main)
    i.nvic_init                              0x08004b38   Section        0  cs32f0xx_misc.o(i.nvic_init)
    i.peak_compare                           0x08004ba8   Section        0  spi_adc.o(i.peak_compare)
    i.rcu_ahb_periph_clock_enable_ctrl       0x08004c40   Section        0  cs32f0xx_rcu.o(i.rcu_ahb_periph_clock_enable_ctrl)
    i.rcu_apb1_periph_clock_enable_ctrl      0x08004c60   Section        0  cs32f0xx_rcu.o(i.rcu_apb1_periph_clock_enable_ctrl)
    i.rcu_apb1_periph_reset_enable_ctrl      0x08004c80   Section        0  cs32f0xx_rcu.o(i.rcu_apb1_periph_reset_enable_ctrl)
    i.rcu_apb2_periph_clock_enable_ctrl      0x08004ca0   Section        0  cs32f0xx_rcu.o(i.rcu_apb2_periph_clock_enable_ctrl)
    i.rcu_apb2_periph_reset_enable_ctrl      0x08004cc0   Section        0  cs32f0xx_rcu.o(i.rcu_apb2_periph_reset_enable_ctrl)
    i.rcu_clk_freq_get                       0x08004ce0   Section        0  cs32f0xx_rcu.o(i.rcu_clk_freq_get)
    i.spi_gpio_init                          0x08004ee4   Section        0  init.o(i.spi_gpio_init)
    i.spi_read                               0x08004f70   Section        0  spi_adc.o(i.spi_read)
    i.spi_write                              0x08005078   Section        0  spi_adc.o(i.spi_write)
    i.syscfg_exti_line_config                0x08005188   Section        0  cs32f0xx_syscfg.o(i.syscfg_exti_line_config)
    i.tim_enable_ctrl                        0x080051c8   Section        0  cs32f0xx_tim.o(i.tim_enable_ctrl)
    i.tim_interrupt_config                   0x080051e4   Section        0  cs32f0xx_tim.o(i.tim_interrupt_config)
    i.tim_interrupt_status_clear             0x080051f8   Section        0  cs32f0xx_tim.o(i.tim_interrupt_status_clear)
    i.tim_interrupt_status_get               0x080051fe   Section        0  cs32f0xx_tim.o(i.tim_interrupt_status_get)
    i.tim_pdiv_register_config               0x08005224   Section        0  cs32f0xx_tim.o(i.tim_pdiv_register_config)
    i.tim_timer_config                       0x0800522c   Section        0  cs32f0xx_tim.o(i.tim_timer_config)
    i.time_config                            0x080052b4   Section        0  init.o(i.time_config)
    i.timing_delay_decrement                 0x08005324   Section        0  systick.o(i.timing_delay_decrement)
    i.usart_config                           0x0800533c   Section        0  init.o(i.usart_config)
    i.usart_data_recv                        0x08005448   Section        0  cs32f0xx_usart.o(i.usart_data_recv)
    i.usart_data_send                        0x08005452   Section        0  cs32f0xx_usart.o(i.usart_data_send)
    i.usart_def_init                         0x0800545c   Section        0  cs32f0xx_usart.o(i.usart_def_init)
    i.usart_enable_ctrl                      0x0800554c   Section        0  cs32f0xx_usart.o(i.usart_enable_ctrl)
    i.usart_flag_status_get                  0x08005564   Section        0  cs32f0xx_usart.o(i.usart_flag_status_get)
    i.usart_init                             0x08005578   Section        0  cs32f0xx_usart.o(i.usart_init)
    i.usart_interrupt_config                 0x08005670   Section        0  cs32f0xx_usart.o(i.usart_interrupt_config)
    i.usart_interrupt_status_get             0x080056b2   Section        0  cs32f0xx_usart.o(i.usart_interrupt_status_get)
    .data                                    0x20000000   Section      138  main.o(.data)
    fpga_count                               0x20000088   Data           1  main.o(.data)
    wdog_state                               0x20000089   Data           1  main.o(.data)
    .data                                    0x2000008c   Section      504  ecr8660.o(.data)
    .data                                    0x20000288   Section       40  spi_adc.o(.data)
    .data                                    0x200002b0   Section        4  systick.o(.data)
    timing_delay                             0x200002b0   Data           4  systick.o(.data)
    .data                                    0x200002b4   Section       10  i2c_ee.o(.data)
    e2prom_hw_address                        0x200002b4   Data           2  i2c_ee.o(.data)
    e2_timeout_value                         0x200002b8   Data           4  i2c_ee.o(.data)
    e2_data_count                            0x200002bc   Data           2  i2c_ee.o(.data)
    .data                                    0x200002c0   Section       20  system_cs32f0xx.o(.data)
    AHBPrescTable                            0x200002c4   Data          16  system_cs32f0xx.o(.data)
    .data                                    0x200002d4   Section       16  cs32f0xx_rcu.o(.data)
    APBAHBPrescTable                         0x200002d4   Data          16  cs32f0xx_rcu.o(.data)
    .data                                    0x200002e4   Section        4  stdout.o(.data)
    .bss                                     0x200002e8   Section      620  main.o(.bss)
    .bss                                     0x20000554   Section       12  ecr8660.o(.bss)
    .bss                                     0x20000560   Section       48  spi_adc.o(.bss)
    STACK                                    0x20000590   Section     1024  startup_cs32f031.o(STACK)

    Global Symbols

    Symbol Name                              Value     Ov Type        Size  Object(Section)

    BuildAttributes$$THM_ISAv3M$S$PE$A:L22$X:L11$S22$IEEE1$IW$USESV6$~STKCKD$USESV7$~SHL$OSPACE$ROPI$EBA8$MICROLIB$REQ8$PRES8$EABIv2 0x00000000   Number         0  anon$$obj.o ABSOLUTE
    __ARM_use_no_argv                        0x00000000   Number         0  main.o ABSOLUTE
    _printf_a                                0x00000000   Number         0  stubs.o ABSOLUTE
    _printf_c                                0x00000000   Number         0  stubs.o ABSOLUTE
    _printf_charcount                        0x00000000   Number         0  stubs.o ABSOLUTE
    _printf_d                                0x00000000   Number         0  stubs.o ABSOLUTE
    _printf_e                                0x00000000   Number         0  stubs.o ABSOLUTE
    _printf_f                                0x00000000   Number         0  stubs.o ABSOLUTE
    _printf_flags                            0x00000000   Number         0  stubs.o ABSOLUTE
    _printf_fp_dec                           0x00000000   Number         0  stubs.o ABSOLUTE
    _printf_fp_hex                           0x00000000   Number         0  stubs.o ABSOLUTE
    _printf_g                                0x00000000   Number         0  stubs.o ABSOLUTE
    _printf_i                                0x00000000   Number         0  stubs.o ABSOLUTE
    _printf_int_dec                          0x00000000   Number         0  stubs.o ABSOLUTE
    _printf_l                                0x00000000   Number         0  stubs.o ABSOLUTE
    _printf_lc                               0x00000000   Number         0  stubs.o ABSOLUTE
    _printf_ll                               0x00000000   Number         0  stubs.o ABSOLUTE
    _printf_lld                              0x00000000   Number         0  stubs.o ABSOLUTE
    _printf_lli                              0x00000000   Number         0  stubs.o ABSOLUTE
    _printf_llo                              0x00000000   Number         0  stubs.o ABSOLUTE
    _printf_llu                              0x00000000   Number         0  stubs.o ABSOLUTE
    _printf_llx                              0x00000000   Number         0  stubs.o ABSOLUTE
    _printf_longlong_dec                     0x00000000   Number         0  stubs.o ABSOLUTE
    _printf_longlong_hex                     0x00000000   Number         0  stubs.o ABSOLUTE
    _printf_longlong_oct                     0x00000000   Number         0  stubs.o ABSOLUTE
    _printf_ls                               0x00000000   Number         0  stubs.o ABSOLUTE
    _printf_mbtowc                           0x00000000   Number         0  stubs.o ABSOLUTE
    _printf_n                                0x00000000   Number         0  stubs.o ABSOLUTE
    _printf_o                                0x00000000   Number         0  stubs.o ABSOLUTE
    _printf_p                                0x00000000   Number         0  stubs.o ABSOLUTE
    _printf_percent                          0x00000000   Number         0  stubs.o ABSOLUTE
    _printf_pre_padding                      0x00000000   Number         0  stubs.o ABSOLUTE
    _printf_return_value                     0x00000000   Number         0  stubs.o ABSOLUTE
    _printf_s                                0x00000000   Number         0  stubs.o ABSOLUTE
    _printf_sizespec                         0x00000000   Number         0  stubs.o ABSOLUTE
    _printf_str                              0x00000000   Number         0  stubs.o ABSOLUTE
    _printf_truncate_signed                  0x00000000   Number         0  stubs.o ABSOLUTE
    _printf_truncate_unsigned                0x00000000   Number         0  stubs.o ABSOLUTE
    _printf_u                                0x00000000   Number         0  stubs.o ABSOLUTE
    _printf_wc                               0x00000000   Number         0  stubs.o ABSOLUTE
    _printf_wctomb                           0x00000000   Number         0  stubs.o ABSOLUTE
    _printf_widthprec                        0x00000000   Number         0  stubs.o ABSOLUTE
    _printf_x                                0x00000000   Number         0  stubs.o ABSOLUTE
    __cpp_initialize__aeabi_                  - Undefined Weak Reference
    __cxa_finalize                            - Undefined Weak Reference
    _clock_init                               - Undefined Weak Reference
    _microlib_exit                            - Undefined Weak Reference
    __Vectors_Size                           0x000000b8   Number         0  startup_cs32f031.o ABSOLUTE
    __Vectors                                0x08000000   Data           4  startup_cs32f031.o(RESET)
    __Vectors_End                            0x080000b8   Data           0  startup_cs32f031.o(RESET)
    __main                                   0x080000b9   Thumb Code     0  entry.o(.ARM.Collect$$$$00000000)
    _main_stk                                0x080000b9   Thumb Code     0  entry2.o(.ARM.Collect$$$$00000001)
    _main_scatterload                        0x080000bd   Thumb Code     0  entry5.o(.ARM.Collect$$$$00000004)
    __main_after_scatterload                 0x080000c1   Thumb Code     0  entry5.o(.ARM.Collect$$$$00000004)
    _main_clock                              0x080000c1   Thumb Code     0  entry7b.o(.ARM.Collect$$$$00000008)
    _main_cpp_init                           0x080000c1   Thumb Code     0  entry8b.o(.ARM.Collect$$$$0000000A)
    _main_init                               0x080000c1   Thumb Code     0  entry9a.o(.ARM.Collect$$$$0000000B)
    __rt_final_cpp                           0x080000c9   Thumb Code     0  entry10a.o(.ARM.Collect$$$$0000000D)
    __rt_final_exit                          0x080000c9   Thumb Code     0  entry11a.o(.ARM.Collect$$$$0000000F)
    Reset_Handler                            0x080000cd   Thumb Code     8  startup_cs32f031.o(.text)
    ADC1_IRQHandler                          0x080000df   Thumb Code     0  startup_cs32f031.o(.text)
    DMA1_Channel1_IRQHandler                 0x080000df   Thumb Code     0  startup_cs32f031.o(.text)
    DMA1_Channel2_3_IRQHandler               0x080000df   Thumb Code     0  startup_cs32f031.o(.text)
    DMA1_Channel4_5_IRQHandler               0x080000df   Thumb Code     0  startup_cs32f031.o(.text)
    EXTI2_3_IRQHandler                       0x080000df   Thumb Code     0  startup_cs32f031.o(.text)
    EXTI4_15_IRQHandler                      0x080000df   Thumb Code     0  startup_cs32f031.o(.text)
    FLASH_IRQHandler                         0x080000df   Thumb Code     0  startup_cs32f031.o(.text)
    I2C1_IRQHandler                          0x080000df   Thumb Code     0  startup_cs32f031.o(.text)
    I2C2_IRQHandler                          0x080000df   Thumb Code     0  startup_cs32f031.o(.text)
    LVD_IRQHandler                           0x080000df   Thumb Code     0  startup_cs32f031.o(.text)
    RCU_IRQHandler                           0x080000df   Thumb Code     0  startup_cs32f031.o(.text)
    RTC_IRQHandler                           0x080000df   Thumb Code     0  startup_cs32f031.o(.text)
    SPI1_IRQHandler                          0x080000df   Thumb Code     0  startup_cs32f031.o(.text)
    SPI2_IRQHandler                          0x080000df   Thumb Code     0  startup_cs32f031.o(.text)
    TIM14_IRQHandler                         0x080000df   Thumb Code     0  startup_cs32f031.o(.text)
    TIM15_IRQHandler                         0x080000df   Thumb Code     0  startup_cs32f031.o(.text)
    TIM16_IRQHandler                         0x080000df   Thumb Code     0  startup_cs32f031.o(.text)
    TIM17_IRQHandler                         0x080000df   Thumb Code     0  startup_cs32f031.o(.text)
    TIM1_BRK_UP_TRG_COM_IRQHandler           0x080000df   Thumb Code     0  startup_cs32f031.o(.text)
    TIM1_CC_IRQHandler                       0x080000df   Thumb Code     0  startup_cs32f031.o(.text)
    TIM2_IRQHandler                          0x080000df   Thumb Code     0  startup_cs32f031.o(.text)
    USART2_IRQHandler                        0x080000df   Thumb Code     0  startup_cs32f031.o(.text)
    USART3_8_IRQHandler                      0x080000df   Thumb Code     0  startup_cs32f031.o(.text)
    WWDT_IRQHandler                          0x080000df   Thumb Code     0  startup_cs32f031.o(.text)
    __aeabi_uidiv                            0x080000e9   Thumb Code     0  uidiv.o(.text)
    __aeabi_uidivmod                         0x080000e9   Thumb Code    44  uidiv.o(.text)
    __aeabi_idiv                             0x08000115   Thumb Code     0  idiv.o(.text)
    __aeabi_idivmod                          0x08000115   Thumb Code    40  idiv.o(.text)
    __aeabi_memcpy                           0x0800013d   Thumb Code    36  memcpya.o(.text)
    __aeabi_memcpy4                          0x0800013d   Thumb Code     0  memcpya.o(.text)
    __aeabi_memcpy8                          0x0800013d   Thumb Code     0  memcpya.o(.text)
    __aeabi_memset                           0x08000161   Thumb Code    14  memseta.o(.text)
    __aeabi_memset4                          0x08000161   Thumb Code     0  memseta.o(.text)
    __aeabi_memset8                          0x08000161   Thumb Code     0  memseta.o(.text)
    __aeabi_memclr                           0x0800016f   Thumb Code     4  memseta.o(.text)
    __aeabi_memclr4                          0x0800016f   Thumb Code     0  memseta.o(.text)
    __aeabi_memclr8                          0x0800016f   Thumb Code     0  memseta.o(.text)
    _memset$wrapper                          0x08000173   Thumb Code    18  memseta.o(.text)
    __aeabi_dadd                             0x08000185   Thumb Code   328  dadd.o(.text)
    __aeabi_dsub                             0x080002cd   Thumb Code    12  dadd.o(.text)
    __aeabi_drsub                            0x080002d9   Thumb Code    12  dadd.o(.text)
    __aeabi_dmul                             0x080002e9   Thumb Code   202  dmul.o(.text)
    __aeabi_ui2d                             0x080003b9   Thumb Code    24  dfltui.o(.text)
    __aeabi_d2uiz                            0x080003d5   Thumb Code    50  dfixui.o(.text)
    __aeabi_uldivmod                         0x08000411   Thumb Code    96  uldiv.o(.text)
    __aeabi_llsl                             0x08000471   Thumb Code    32  llshl.o(.text)
    _ll_shift_l                              0x08000471   Thumb Code     0  llshl.o(.text)
    __aeabi_llsr                             0x08000491   Thumb Code    34  llushr.o(.text)
    _ll_ushift_r                             0x08000491   Thumb Code     0  llushr.o(.text)
    __aeabi_lasr                             0x080004b3   Thumb Code    38  llsshr.o(.text)
    _ll_sshift_r                             0x080004b3   Thumb Code     0  llsshr.o(.text)
    __I$use$fp                               0x080004d9   Thumb Code     0  iusefp.o(.text)
    _double_round                            0x080004d9   Thumb Code    26  depilogue.o(.text)
    _double_epilogue                         0x080004f3   Thumb Code   164  depilogue.o(.text)
    __aeabi_ddiv                             0x08000599   Thumb Code   234  ddiv.o(.text)
    __aeabi_d2ulz                            0x08000689   Thumb Code    54  dfixul.o(.text)
    __aeabi_cdrcmple                         0x080006c9   Thumb Code    38  cdrcmple.o(.text)
    __scatterload                            0x080006f1   Thumb Code    28  init.o(.text)
    __scatterload_rt2                        0x080006f1   Thumb Code     0  init.o(.text)
    __decompress                             0x08000715   Thumb Code     0  __dczerorl2.o(.text)
    __decompress1                            0x08000715   Thumb Code    86  __dczerorl2.o(.text)
    ECR8660_CodeDownload                     0x0800076d   Thumb Code   214  ecr8660.o(i.ECR8660_CodeDownload)
    ECR8660_INIT                             0x080008cd   Thumb Code    38  ecr8660.o(i.ECR8660_INIT)
    ECR8660_Read                             0x080008f9   Thumb Code   126  ecr8660.o(i.ECR8660_Read)
    ECR8660_SPI_WR                           0x0800097d   Thumb Code   184  ecr8660.o(i.ECR8660_SPI_WR)
    ECR8660_read_write                       0x08000a3d   Thumb Code   110  ecr8660.o(i.ECR8660_read_write)
    ECR8660_write                            0x08000ab1   Thumb Code   122  ecr8660.o(i.ECR8660_write)
    EXTI0_1_IRQHandler                       0x08000b31   Thumb Code    30  main.o(i.EXTI0_1_IRQHandler)
    HardFault_Handler                        0x08000b55   Thumb Code     4  cs32f0xx_int.o(i.HardFault_Handler)
    NMI_Handler                              0x08000b59   Thumb Code     2  cs32f0xx_int.o(i.NMI_Handler)
    PendSV_Handler                           0x08000bd5   Thumb Code     2  cs32f0xx_int.o(i.PendSV_Handler)
    SSC_SPI_Write_read                       0x08000bd7   Thumb Code   388  ecr8660.o(i.SSC_SPI_Write_read)
    SVC_Handler                              0x08000d5b   Thumb Code     2  cs32f0xx_int.o(i.SVC_Handler)
    SetECR8660_to_List                       0x08000d5d   Thumb Code   248  ecr8660.o(i.SetECR8660_to_List)
    Sweep_Frequency                          0x08000ed5   Thumb Code   500  spi_adc.o(i.Sweep_Frequency)
    SysTick_Handler                          0x08001159   Thumb Code     8  cs32f0xx_int.o(i.SysTick_Handler)
    SystemInit                               0x08001161   Thumb Code   110  system_cs32f0xx.o(i.SystemInit)
    TIM3_IRQHandler                          0x080011dd   Thumb Code    92  main.o(i.TIM3_IRQHandler)
    Time_Out                                 0x0800124d   Thumb Code   168  command.o(i.Time_Out)
    USART1_IRQHandler                        0x08001309   Thumb Code   176  main.o(i.USART1_IRQHandler)
    _ECR8660_Base_Address                    0x080013cd   Thumb Code    28  ecr8660.o(i._ECR8660_Base_Address)
    _ECR8660_Base_Address_Dict_Find          0x080013e9   Thumb Code    42  ecr8660.o(i._ECR8660_Base_Address_Dict_Find)
    _SetECR8660_to_List                      0x0800141d   Thumb Code   216  ecr8660.o(i._SetECR8660_to_List)
    __0printf                                0x0800153d   Thumb Code    24  printfa.o(i.__0printf)
    __1printf                                0x0800153d   Thumb Code     0  printfa.o(i.__0printf)
    __2printf                                0x0800153d   Thumb Code     0  printfa.o(i.__0printf)
    __c89printf                              0x0800153d   Thumb Code     0  printfa.o(i.__0printf)
    printf                                   0x0800153d   Thumb Code     0  printfa.o(i.__0printf)
    __ARM_clz                                0x0800155d   Thumb Code    46  depilogue.o(i.__ARM_clz)
    __ARM_common_switch8                     0x0800158b   Thumb Code    28  main.o(i.__ARM_common_switch8)
    __scatterload_copy                       0x080015a7   Thumb Code    14  handlers.o(i.__scatterload_copy)
    __scatterload_null                       0x080015b5   Thumb Code     2  handlers.o(i.__scatterload_null)
    __scatterload_zeroinit                   0x080015b7   Thumb Code    14  handlers.o(i.__scatterload_zeroinit)
    adc_i2c_init                             0x08001e55   Thumb Code   106  init.o(i.adc_i2c_init)
    command_five                             0x08001ecd   Thumb Code   746  command.o(i.command_five)
    command_four                             0x0800226d   Thumb Code   690  command.o(i.command_four)
    command_one                              0x080025d5   Thumb Code   518  command.o(i.command_one)
    command_three                            0x08002891   Thumb Code   634  command.o(i.command_three)
    command_two                              0x08002bc1   Thumb Code   578  command.o(i.command_two)
    cs_start_e2prom_buff_read                0x08002eb9   Thumb Code   760  i2c_ee.o(i.cs_start_e2prom_buff_read)
    cs_start_systick_config                  0x0800324d   Thumb Code    54  systick.o(i.cs_start_systick_config)
    default_freq_select                      0x08003291   Thumb Code   228  spi_adc.o(i.default_freq_select)
    delay                                    0x0800344d   Thumb Code    20  systick.o(i.delay)
    exti0_1_config                           0x08003465   Thumb Code   104  init.o(i.exti0_1_config)
    exti_init                                0x080034d1   Thumb Code   132  cs32f0xx_exti.o(i.exti_init)
    exti_interrupt_status_clear              0x08003559   Thumb Code     6  cs32f0xx_exti.o(i.exti_interrupt_status_clear)
    exti_interrupt_status_get                0x08003565   Thumb Code    22  cs32f0xx_exti.o(i.exti_interrupt_status_get)
    flash_flag_clear                         0x08003581   Thumb Code     6  cs32f0xx_flash.o(i.flash_flag_clear)
    flash_lock                               0x0800358d   Thumb Code    14  cs32f0xx_flash.o(i.flash_lock)
    flash_operation_wait                     0x080035a1   Thumb Code    40  cs32f0xx_flash.o(i.flash_operation_wait)
    flash_page_erase                         0x080035c9   Thumb Code    72  cs32f0xx_flash.o(i.flash_page_erase)
    flash_status_get                         0x08003615   Thumb Code    54  cs32f0xx_flash.o(i.flash_status_get)
    flash_unlock                             0x08003651   Thumb Code    24  cs32f0xx_flash.o(i.flash_unlock)
    flash_word_program                       0x08003675   Thumb Code   104  cs32f0xx_flash.o(i.flash_word_program)
    fputc                                    0x080036e1   Thumb Code    32  main.o(i.fputc)
    freq_set                                 0x08003705   Thumb Code   176  spi_adc.o(i.freq_set)
    gpio_bits_reset                          0x080037f1   Thumb Code     4  cs32f0xx_gpio.o(i.gpio_bits_reset)
    gpio_bits_set                            0x080037f5   Thumb Code     4  cs32f0xx_gpio.o(i.gpio_bits_set)
    gpio_config                              0x080037f9   Thumb Code   196  init.o(i.gpio_config)
    gpio_init                                0x080038c1   Thumb Code   144  cs32f0xx_gpio.o(i.gpio_init)
    gpio_input_data_bit_read                 0x08003951   Thumb Code    20  cs32f0xx_gpio.o(i.gpio_input_data_bit_read)
    gpio_mf_config                           0x08003965   Thumb Code    68  cs32f0xx_gpio.o(i.gpio_mf_config)
    i2c_data_receive                         0x080039a9   Thumb Code     8  cs32f0xx_i2c.o(i.i2c_data_receive)
    i2c_data_send                            0x080039b1   Thumb Code     4  cs32f0xx_i2c.o(i.i2c_data_send)
    i2c_enable_ctrl                          0x080039b5   Thumb Code    24  cs32f0xx_i2c.o(i.i2c_enable_ctrl)
    i2c_flag_clear                           0x080039cd   Thumb Code     4  cs32f0xx_i2c.o(i.i2c_flag_clear)
    i2c_flag_status_get                      0x080039d1   Thumb Code    28  cs32f0xx_i2c.o(i.i2c_flag_status_get)
    i2c_init                                 0x080039ed   Thumb Code    98  cs32f0xx_i2c.o(i.i2c_init)
    i2c_transfer_handle                      0x08003a59   Thumb Code    60  cs32f0xx_i2c.o(i.i2c_transfer_handle)
    main                                     0x08003a99   Thumb Code  4256  main.o(i.main)
    nvic_init                                0x08004b39   Thumb Code   106  cs32f0xx_misc.o(i.nvic_init)
    peak_compare                             0x08004ba9   Thumb Code   150  spi_adc.o(i.peak_compare)
    rcu_ahb_periph_clock_enable_ctrl         0x08004c41   Thumb Code    28  cs32f0xx_rcu.o(i.rcu_ahb_periph_clock_enable_ctrl)
    rcu_apb1_periph_clock_enable_ctrl        0x08004c61   Thumb Code    28  cs32f0xx_rcu.o(i.rcu_apb1_periph_clock_enable_ctrl)
    rcu_apb1_periph_reset_enable_ctrl        0x08004c81   Thumb Code    28  cs32f0xx_rcu.o(i.rcu_apb1_periph_reset_enable_ctrl)
    rcu_apb2_periph_clock_enable_ctrl        0x08004ca1   Thumb Code    28  cs32f0xx_rcu.o(i.rcu_apb2_periph_clock_enable_ctrl)
    rcu_apb2_periph_reset_enable_ctrl        0x08004cc1   Thumb Code    28  cs32f0xx_rcu.o(i.rcu_apb2_periph_reset_enable_ctrl)
    rcu_clk_freq_get                         0x08004ce1   Thumb Code   496  cs32f0xx_rcu.o(i.rcu_clk_freq_get)
    spi_gpio_init                            0x08004ee5   Thumb Code   140  init.o(i.spi_gpio_init)
    spi_read                                 0x08004f71   Thumb Code   258  spi_adc.o(i.spi_read)
    spi_write                                0x08005079   Thumb Code   266  spi_adc.o(i.spi_write)
    syscfg_exti_line_config                  0x08005189   Thumb Code    60  cs32f0xx_syscfg.o(i.syscfg_exti_line_config)
    tim_enable_ctrl                          0x080051c9   Thumb Code    24  cs32f0xx_tim.o(i.tim_enable_ctrl)
    tim_interrupt_config                     0x080051e5   Thumb Code    20  cs32f0xx_tim.o(i.tim_interrupt_config)
    tim_interrupt_status_clear               0x080051f9   Thumb Code     6  cs32f0xx_tim.o(i.tim_interrupt_status_clear)
    tim_interrupt_status_get                 0x080051ff   Thumb Code    38  cs32f0xx_tim.o(i.tim_interrupt_status_get)
    tim_pdiv_register_config                 0x08005225   Thumb Code     6  cs32f0xx_tim.o(i.tim_pdiv_register_config)
    tim_timer_config                         0x0800522d   Thumb Code   104  cs32f0xx_tim.o(i.tim_timer_config)
    time_config                              0x080052b5   Thumb Code    98  init.o(i.time_config)
    timing_delay_decrement                   0x08005325   Thumb Code    20  systick.o(i.timing_delay_decrement)
    usart_config                             0x0800533d   Thumb Code   254  init.o(i.usart_config)
    usart_data_recv                          0x08005449   Thumb Code    10  cs32f0xx_usart.o(i.usart_data_recv)
    usart_data_send                          0x08005453   Thumb Code     8  cs32f0xx_usart.o(i.usart_data_send)
    usart_def_init                           0x0800545d   Thumb Code   206  cs32f0xx_usart.o(i.usart_def_init)
    usart_enable_ctrl                        0x0800554d   Thumb Code    24  cs32f0xx_usart.o(i.usart_enable_ctrl)
    usart_flag_status_get                    0x08005565   Thumb Code    20  cs32f0xx_usart.o(i.usart_flag_status_get)
    usart_init                               0x08005579   Thumb Code   226  cs32f0xx_usart.o(i.usart_init)
    usart_interrupt_config                   0x08005671   Thumb Code    66  cs32f0xx_usart.o(i.usart_interrupt_config)
    usart_interrupt_status_get               0x080056b3   Thumb Code    78  cs32f0xx_usart.o(i.usart_interrupt_status_get)
    Region$$Table$$Base                      0x08005700   Number         0  anon$$obj.o(Region$$Table)
    Region$$Table$$Limit                     0x08005720   Number         0  anon$$obj.o(Region$$Table)
    rx_index                                 0x20000000   Data           1  main.o(.data)
    rx_flag                                  0x20000001   Data           1  main.o(.data)
    exist_state                              0x20000002   Data           1  main.o(.data)
    i                                        0x20000003   Data           1  main.o(.data)
    j                                        0x20000004   Data           1  main.o(.data)
    fpga_state                               0x20000008   Data           4  main.o(.data)
    fpga_error                               0x2000000c   Data           1  main.o(.data)
    fpga_error_count                         0x2000000d   Data           1  main.o(.data)
    fpga_sync_count                          0x2000000e   Data           1  main.o(.data)
    ret                                      0x2000000f   Data           1  main.o(.data)
    fpga_select                              0x20000010   Data           1  main.o(.data)
    scan_state                               0x20000011   Data           1  main.o(.data)
    ts_number                                0x20000014   Data           4  main.o(.data)
    reg_count                                0x20000018   Data           4  main.o(.data)
    data_value                               0x2000001c   Data           4  main.o(.data)
    time_out                                 0x20000020   Data           4  main.o(.data)
    fpga_data                                0x20000024   Data           4  main.o(.data)
    freq                                     0x20000028   Data           8  main.o(.data)
    rx_state                                 0x20000030   Data           4  main.o(.data)
    tx_state                                 0x20000034   Data           4  main.o(.data)
    freq_count                               0x20000038   Data           1  main.o(.data)
    scan_start_freq                          0x2000003c   Data           4  main.o(.data)
    scan_end_freq                            0x20000040   Data           4  main.o(.data)
    AD1_lock_state                           0x20000044   Data           1  main.o(.data)
    AD2_lock_state                           0x20000045   Data           1  main.o(.data)
    reg_number                               0x20000048   Data           4  main.o(.data)
    reg_number_2                             0x2000004c   Data           4  main.o(.data)
    ad_reg_arr                               0x20000050   Data          56  main.o(.data)
    ECR8660_BaseAddr_Dict                    0x2000008c   Data         216  ecr8660.o(.data)
    PwrUp_ECR8660_EN                         0x20000164   Data         288  ecr8660.o(.data)
    peak_state                               0x20000288   Data           1  spi_adc.o(.data)
    lock_state                               0x2000028c   Data           4  spi_adc.o(.data)
    sync_state                               0x20000290   Data           1  spi_adc.o(.data)
    peak_4g                                  0x20000298   Data          24  spi_adc.o(.data)
    SystemCoreClock                          0x200002c0   Data           4  system_cs32f0xx.o(.data)
    __stdout                                 0x200002e4   Data           4  stdout.o(.data)
    rx_buf                                   0x200002e8   Data          80  main.o(.bss)
    ts_buff                                  0x20000338   Data          40  main.o(.bss)
    reg_arr                                  0x20000360   Data         240  main.o(.bss)
    reg_arr_2                                0x20000450   Data         240  main.o(.bss)
    freq_default                             0x20000540   Data          20  main.o(.bss)
    ECR8660_spi_time_series                  0x20000554   Data          12  ecr8660.o(.bss)
    peak_struct                              0x20000560   Data          24  spi_adc.o(.bss)
    peak_ts                                  0x20000578   Data          24  spi_adc.o(.bss)
    __initial_sp                             0x20000990   Data           0  startup_cs32f031.o(STACK)



==============================================================================

Memory Map of the image

  Image Entry point : 0x080000b9

  Load Region LR_IROM1 (Base: 0x08000000, Size: 0x00005a08, Max: 0x00010000, ABSOLUTE, COMPRESSED[0x00005828])

    Execution Region ER_IROM1 (Base: 0x08000000, Size: 0x00005720, Max: 0x00010000, ABSOLUTE)

    Base Addr    Size         Type   Attr      Idx    E Section Name        Object

    0x08000000   0x000000b8   Data   RO          814    RESET               startup_cs32f031.o
    0x080000b8   0x00000000   Code   RO         3723  * .ARM.Collect$$$$00000000  mc_p.l(entry.o)
    0x080000b8   0x00000004   Code   RO         4007    .ARM.Collect$$$$00000001  mc_p.l(entry2.o)
    0x080000bc   0x00000004   Code   RO         4010    .ARM.Collect$$$$00000004  mc_p.l(entry5.o)
    0x080000c0   0x00000000   Code   RO         4012    .ARM.Collect$$$$00000008  mc_p.l(entry7b.o)
    0x080000c0   0x00000000   Code   RO         4014    .ARM.Collect$$$$0000000A  mc_p.l(entry8b.o)
    0x080000c0   0x00000008   Code   RO         4015    .ARM.Collect$$$$0000000B  mc_p.l(entry9a.o)
    0x080000c8   0x00000000   Code   RO         4017    .ARM.Collect$$$$0000000D  mc_p.l(entry10a.o)
    0x080000c8   0x00000000   Code   RO         4019    .ARM.Collect$$$$0000000F  mc_p.l(entry11a.o)
    0x080000c8   0x00000004   Code   RO         4008    .ARM.Collect$$$$00002712  mc_p.l(entry2.o)
    0x080000cc   0x0000001c   Code   RO          815    .text               startup_cs32f031.o
    0x080000e8   0x0000002c   Code   RO         3726    .text               mc_p.l(uidiv.o)
    0x08000114   0x00000028   Code   RO         3728    .text               mc_p.l(idiv.o)
    0x0800013c   0x00000024   Code   RO         3730    .text               mc_p.l(memcpya.o)
    0x08000160   0x00000024   Code   RO         3732    .text               mc_p.l(memseta.o)
    0x08000184   0x00000164   Code   RO         3997    .text               mf_p.l(dadd.o)
    0x080002e8   0x000000d0   Code   RO         3999    .text               mf_p.l(dmul.o)
    0x080003b8   0x0000001c   Code   RO         4003    .text               mf_p.l(dfltui.o)
    0x080003d4   0x0000003c   Code   RO         4005    .text               mf_p.l(dfixui.o)
    0x08000410   0x00000060   Code   RO         4022    .text               mc_p.l(uldiv.o)
    0x08000470   0x00000020   Code   RO         4024    .text               mc_p.l(llshl.o)
    0x08000490   0x00000022   Code   RO         4026    .text               mc_p.l(llushr.o)
    0x080004b2   0x00000026   Code   RO         4028    .text               mc_p.l(llsshr.o)
    0x080004d8   0x00000000   Code   RO         4030    .text               mc_p.l(iusefp.o)
    0x080004d8   0x000000be   Code   RO         4031    .text               mf_p.l(depilogue.o)
    0x08000596   0x00000002   PAD
    0x08000598   0x000000f0   Code   RO         4035    .text               mf_p.l(ddiv.o)
    0x08000688   0x00000040   Code   RO         4037    .text               mf_p.l(dfixul.o)
    0x080006c8   0x00000028   Code   RO         4039    .text               mf_p.l(cdrcmple.o)
    0x080006f0   0x00000024   Code   RO         4041    .text               mc_p.l(init.o)
    0x08000714   0x00000056   Code   RO         4051    .text               mc_p.l(__dczerorl2.o)
    0x0800076a   0x00000002   PAD
    0x0800076c   0x00000160   Code   RO          245    i.ECR8660_CodeDownload  ecr8660.o
    0x080008cc   0x0000002c   Code   RO          246    i.ECR8660_INIT      ecr8660.o
    0x080008f8   0x00000084   Code   RO          247    i.ECR8660_Read      ecr8660.o
    0x0800097c   0x000000c0   Code   RO          248    i.ECR8660_SPI_WR    ecr8660.o
    0x08000a3c   0x00000074   Code   RO          249    i.ECR8660_read_write  ecr8660.o
    0x08000ab0   0x00000080   Code   RO          250    i.ECR8660_write     ecr8660.o
    0x08000b30   0x00000024   Code   RO          172    i.EXTI0_1_IRQHandler  main.o
    0x08000b54   0x00000004   Code   RO            5    i.HardFault_Handler  cs32f0xx_int.o
    0x08000b58   0x00000002   Code   RO            7    i.NMI_Handler       cs32f0xx_int.o
    0x08000b5a   0x00000002   PAD
    0x08000b5c   0x00000078   Code   RO          546    i.NVIC_SetPriority  systick.o
    0x08000bd4   0x00000002   Code   RO            8    i.PendSV_Handler    cs32f0xx_int.o
    0x08000bd6   0x00000184   Code   RO          251    i.SSC_SPI_Write_read  ecr8660.o
    0x08000d5a   0x00000002   Code   RO            9    i.SVC_Handler       cs32f0xx_int.o
    0x08000d5c   0x000000f8   Code   RO          252    i.SetECR8660_to_List  ecr8660.o
    0x08000e54   0x00000080   Code   RO          821    i.SetSysClock       system_cs32f0xx.o
    0x08000ed4   0x00000284   Code   RO          335    i.Sweep_Frequency   spi_adc.o
    0x08001158   0x00000008   Code   RO           10    i.SysTick_Handler   cs32f0xx_int.o
    0x08001160   0x0000007c   Code   RO          823    i.SystemInit        system_cs32f0xx.o
    0x080011dc   0x00000070   Code   RO          173    i.TIM3_IRQHandler   main.o
    0x0800124c   0x000000bc   Code   RO          402    i.Time_Out          command.o
    0x08001308   0x000000c4   Code   RO          174    i.USART1_IRQHandler  main.o
    0x080013cc   0x0000001c   Code   RO          253    i._ECR8660_Base_Address  ecr8660.o
    0x080013e8   0x00000034   Code   RO          254    i._ECR8660_Base_Address_Dict_Find  ecr8660.o
    0x0800141c   0x00000120   Code   RO          255    i._SetECR8660_to_List  ecr8660.o
    0x0800153c   0x00000020   Code   RO         3969    i.__0printf         mc_p.l(printfa.o)
    0x0800155c   0x0000002e   Code   RO         4033    i.__ARM_clz         mf_p.l(depilogue.o)
    0x0800158a   0x0000001c   Code   RO          215    i.__ARM_common_switch8  main.o
    0x080015a6   0x0000000e   Code   RO         4045    i.__scatterload_copy  mc_p.l(handlers.o)
    0x080015b4   0x00000002   Code   RO         4046    i.__scatterload_null  mc_p.l(handlers.o)
    0x080015b6   0x0000000e   Code   RO         4047    i.__scatterload_zeroinit  mc_p.l(handlers.o)
    0x080015c4   0x00000158   Code   RO         3976    i._fp_digits        mc_p.l(printfa.o)
    0x0800171c   0x000006ec   Code   RO         3977    i._printf_core      mc_p.l(printfa.o)
    0x08001e08   0x00000020   Code   RO         3978    i._printf_post_padding  mc_p.l(printfa.o)
    0x08001e28   0x0000002c   Code   RO         3979    i._printf_pre_padding  mc_p.l(printfa.o)
    0x08001e54   0x00000078   Code   RO          453    i.adc_i2c_init      init.o
    0x08001ecc   0x000003a0   Code   RO          403    i.command_five      command.o
    0x0800226c   0x00000368   Code   RO          404    i.command_four      command.o
    0x080025d4   0x000002bc   Code   RO          405    i.command_one       command.o
    0x08002890   0x00000330   Code   RO          406    i.command_three     command.o
    0x08002bc0   0x000002f8   Code   RO          407    i.command_two       command.o
    0x08002eb8   0x00000394   Code   RO          762    i.cs_start_e2prom_buff_read  i2c_ee.o
    0x0800324c   0x00000044   Code   RO          547    i.cs_start_systick_config  systick.o
    0x08003290   0x000001bc   Code   RO          337    i.default_freq_select  spi_adc.o
    0x0800344c   0x00000018   Code   RO          548    i.delay             systick.o
    0x08003464   0x0000006c   Code   RO          454    i.exti0_1_config    init.o
    0x080034d0   0x00000088   Code   RO         1232    i.exti_init         cs32f0xx_exti.o
    0x08003558   0x0000000c   Code   RO         1233    i.exti_interrupt_status_clear  cs32f0xx_exti.o
    0x08003564   0x0000001c   Code   RO         1234    i.exti_interrupt_status_get  cs32f0xx_exti.o
    0x08003580   0x0000000c   Code   RO         1292    i.flash_flag_clear  cs32f0xx_flash.o
    0x0800358c   0x00000014   Code   RO         1296    i.flash_lock        cs32f0xx_flash.o
    0x080035a0   0x00000028   Code   RO         1297    i.flash_operation_wait  cs32f0xx_flash.o
    0x080035c8   0x0000004c   Code   RO         1313    i.flash_page_erase  cs32f0xx_flash.o
    0x08003614   0x0000003c   Code   RO         1314    i.flash_status_get  cs32f0xx_flash.o
    0x08003650   0x00000024   Code   RO         1315    i.flash_unlock      cs32f0xx_flash.o
    0x08003674   0x0000006c   Code   RO         1319    i.flash_word_program  cs32f0xx_flash.o
    0x080036e0   0x00000024   Code   RO          175    i.fputc             main.o
    0x08003704   0x000000ec   Code   RO          338    i.freq_set          spi_adc.o
    0x080037f0   0x00000004   Code   RO         1536    i.gpio_bits_reset   cs32f0xx_gpio.o
    0x080037f4   0x00000004   Code   RO         1537    i.gpio_bits_set     cs32f0xx_gpio.o
    0x080037f8   0x000000c8   Code   RO          456    i.gpio_config       init.o
    0x080038c0   0x00000090   Code   RO         1539    i.gpio_init         cs32f0xx_gpio.o
    0x08003950   0x00000014   Code   RO         1540    i.gpio_input_data_bit_read  cs32f0xx_gpio.o
    0x08003964   0x00000044   Code   RO         1542    i.gpio_mf_config    cs32f0xx_gpio.o
    0x080039a8   0x00000008   Code   RO         1630    i.i2c_data_receive  cs32f0xx_i2c.o
    0x080039b0   0x00000004   Code   RO         1631    i.i2c_data_send     cs32f0xx_i2c.o
    0x080039b4   0x00000018   Code   RO         1634    i.i2c_enable_ctrl   cs32f0xx_i2c.o
    0x080039cc   0x00000004   Code   RO         1635    i.i2c_flag_clear    cs32f0xx_i2c.o
    0x080039d0   0x0000001c   Code   RO         1636    i.i2c_flag_status_get  cs32f0xx_i2c.o
    0x080039ec   0x0000006c   Code   RO         1638    i.i2c_init          cs32f0xx_i2c.o
    0x08003a58   0x00000040   Code   RO         1663    i.i2c_transfer_handle  cs32f0xx_i2c.o
    0x08003a98   0x000010a0   Code   RO          176    i.main              main.o
    0x08004b38   0x00000070   Code   RO         1869    i.nvic_init         cs32f0xx_misc.o
    0x08004ba8   0x00000096   Code   RO          339    i.peak_compare      spi_adc.o
    0x08004c3e   0x00000002   PAD
    0x08004c40   0x00000020   Code   RO         1976    i.rcu_ahb_periph_clock_enable_ctrl  cs32f0xx_rcu.o
    0x08004c60   0x00000020   Code   RO         1978    i.rcu_apb1_periph_clock_enable_ctrl  cs32f0xx_rcu.o
    0x08004c80   0x00000020   Code   RO         1979    i.rcu_apb1_periph_reset_enable_ctrl  cs32f0xx_rcu.o
    0x08004ca0   0x00000020   Code   RO         1980    i.rcu_apb2_periph_clock_enable_ctrl  cs32f0xx_rcu.o
    0x08004cc0   0x00000020   Code   RO         1981    i.rcu_apb2_periph_reset_enable_ctrl  cs32f0xx_rcu.o
    0x08004ce0   0x00000204   Code   RO         1982    i.rcu_clk_freq_get  cs32f0xx_rcu.o
    0x08004ee4   0x0000008c   Code   RO          457    i.spi_gpio_init     init.o
    0x08004f70   0x00000108   Code   RO          341    i.spi_read          spi_adc.o
    0x08005078   0x00000110   Code   RO          342    i.spi_write         spi_adc.o
    0x08005188   0x00000040   Code   RO         2751    i.syscfg_exti_line_config  cs32f0xx_syscfg.o
    0x080051c8   0x0000001c   Code   RO         2867    i.tim_enable_ctrl   cs32f0xx_tim.o
    0x080051e4   0x00000014   Code   RO         2878    i.tim_interrupt_config  cs32f0xx_tim.o
    0x080051f8   0x00000006   Code   RO         2879    i.tim_interrupt_status_clear  cs32f0xx_tim.o
    0x080051fe   0x00000026   Code   RO         2880    i.tim_interrupt_status_get  cs32f0xx_tim.o
    0x08005224   0x00000006   Code   RO         2883    i.tim_pdiv_register_config  cs32f0xx_tim.o
    0x0800522a   0x00000002   PAD
    0x0800522c   0x00000088   Code   RO         2891    i.tim_timer_config  cs32f0xx_tim.o
    0x080052b4   0x00000070   Code   RO          458    i.time_config       init.o
    0x08005324   0x00000018   Code   RO          549    i.timing_delay_decrement  systick.o
    0x0800533c   0x0000010c   Code   RO          459    i.usart_config      init.o
    0x08005448   0x0000000a   Code   RO         3375    i.usart_data_recv   cs32f0xx_usart.o
    0x08005452   0x00000008   Code   RO         3377    i.usart_data_send   cs32f0xx_usart.o
    0x0800545a   0x00000002   PAD
    0x0800545c   0x000000f0   Code   RO         3378    i.usart_def_init    cs32f0xx_usart.o
    0x0800554c   0x00000018   Code   RO         3386    i.usart_enable_ctrl  cs32f0xx_usart.o
    0x08005564   0x00000014   Code   RO         3388    i.usart_flag_status_get  cs32f0xx_usart.o
    0x08005578   0x000000f8   Code   RO         3391    i.usart_init        cs32f0xx_usart.o
    0x08005670   0x00000042   Code   RO         3393    i.usart_interrupt_config  cs32f0xx_usart.o
    0x080056b2   0x0000004e   Code   RO         3394    i.usart_interrupt_status_get  cs32f0xx_usart.o
    0x08005700   0x00000020   Data   RO         4043    Region$$Table       anon$$obj.o


    Execution Region RW_IRAM1 (Base: 0x20000000, Size: 0x00000990, Max: 0x00002000, ABSOLUTE, COMPRESSED[0x00000108])

    Base Addr    Size         Type   Attr      Idx    E Section Name        Object

    0x20000000   0x0000008a   Data   RW          178    .data               main.o
    0x2000008a   0x00000002   PAD
    0x2000008c   0x000001f8   Data   RW          257    .data               ecr8660.o
    0x20000284   0x00000004   PAD
    0x20000288   0x00000028   Data   RW          344    .data               spi_adc.o
    0x200002b0   0x00000004   Data   RW          550    .data               systick.o
    0x200002b4   0x0000000a   Data   RW          768    .data               i2c_ee.o
    0x200002be   0x00000002   PAD
    0x200002c0   0x00000014   Data   RW          824    .data               system_cs32f0xx.o
    0x200002d4   0x00000010   Data   RW         2013    .data               cs32f0xx_rcu.o
    0x200002e4   0x00000004   Data   RW         4021    .data               mc_p.l(stdout.o)
    0x200002e8   0x0000026c   Zero   RW          177    .bss                main.o
    0x20000554   0x0000000c   Zero   RW          256    .bss                ecr8660.o
    0x20000560   0x00000030   Zero   RW          343    .bss                spi_adc.o
    0x20000590   0x00000400   Zero   RW          812    STACK               startup_cs32f031.o


==============================================================================

Image component sizes


      Code (inc. data)   RO Data    RW Data    ZI Data      Debug   Object Name

      4264        930          0          0          0       5061   command.o
       176         16          0          0          0       2198   cs32f0xx_exti.o
       352         38          0          0          0       4441   cs32f0xx_flash.o
       240          0          0          0          0       3566   cs32f0xx_gpio.o
       240         14          0          0          0       4985   cs32f0xx_i2c.o
        18          0          0          0          0     158953   cs32f0xx_int.o
       112          6          0          0          0        992   cs32f0xx_misc.o
       676         40          0         16          0       4942   cs32f0xx_rcu.o
        64          4          0          0          0        626   cs32f0xx_syscfg.o
       234         36          0          0          0       4387   cs32f0xx_tim.o
       694         56          0          0          0       6132   cs32f0xx_usart.o
      1968        252          0        504         12      10686   ecr8660.o
       916        156          0         10          0       2240   i2c_ee.o
       948         50          0          0          0       4191   init.o
      4664       1334          0        138        620      10870   main.o
      2010        440          0         40         48       6753   spi_adc.o
        28          8        184          0       1024        764   startup_cs32f031.o
       252         24          0         20          0       2127   system_cs32f0xx.o
       236         32          0          4          0       8927   systick.o

    ----------------------------------------------------------------------
     18100       3436        216        740       1704     242841   Object Totals
         0          0         32          0          0          0   (incl. Generated)
         8          0          0          8          0          0   (incl. Padding)

    ----------------------------------------------------------------------

      Code (inc. data)   RO Data    RW Data    ZI Data      Debug   Library Member Name

        86          0          0          0          0          0   __dczerorl2.o
         0          0          0          0          0          0   entry.o
         0          0          0          0          0          0   entry10a.o
         0          0          0          0          0          0   entry11a.o
         8          4          0          0          0          0   entry2.o
         4          0          0          0          0          0   entry5.o
         0          0          0          0          0          0   entry7b.o
         0          0          0          0          0          0   entry8b.o
         8          4          0          0          0          0   entry9a.o
        30          0          0          0          0          0   handlers.o
        40          0          0          0          0         72   idiv.o
        36          8          0          0          0         68   init.o
         0          0          0          0          0          0   iusefp.o
        32          0          0          0          0         68   llshl.o
        38          0          0          0          0         68   llsshr.o
        34          0          0          0          0         68   llushr.o
        36          0          0          0          0         60   memcpya.o
        36          0          0          0          0        100   memseta.o
      2224         98          0          0          0        412   printfa.o
         0          0          0          4          0          0   stdout.o
        44          0          0          0          0         72   uidiv.o
        96          0          0          0          0         84   uldiv.o
        40          2          0          0          0         68   cdrcmple.o
       356          4          0          0          0        140   dadd.o
       240          6          0          0          0         84   ddiv.o
       236          0          0          0          0        216   depilogue.o
        60         10          0          0          0         68   dfixui.o
        64         10          0          0          0         68   dfixul.o
        28          4          0          0          0         68   dfltui.o
       208          6          0          0          0         88   dmul.o

    ----------------------------------------------------------------------
      3988        156          0          4          0       1872   Library Totals
         4          0          0          0          0          0   (incl. Padding)

    ----------------------------------------------------------------------

      Code (inc. data)   RO Data    RW Data    ZI Data      Debug   Library Name

      2752        114          0          4          0       1072   mc_p.l
      1232         42          0          0          0        800   mf_p.l

    ----------------------------------------------------------------------
      3988        156          0          4          0       1872   Library Totals

    ----------------------------------------------------------------------

==============================================================================


      Code (inc. data)   RO Data    RW Data    ZI Data      Debug   

     22088       3592        216        744       1704     240177   Grand Totals
     22088       3592        216        264       1704     240177   ELF Image Totals (compressed)
     22088       3592        216        264          0          0   ROM Totals

==============================================================================

    Total RO  Size (Code + RO Data)                22304 (  21.78kB)
    Total RW  Size (RW Data + ZI Data)              2448 (   2.39kB)
    Total ROM Size (Code + RO Data + RW Data)      22568 (  22.04kB)

==============================================================================

